../Core/Src/nrf2401.c:17:6:NRF_Write	16	static
../Core/Src/nrf2401.c:22:6:NRF_Read	16	static
../Core/Src/nrf2401.c:27:9:NRF_ReadRegister	24	static
../Core/Src/nrf2401.c:40:6:NRF_ReadRegisters	16	static
../Core/Src/nrf2401.c:49:6:NRF_WriteRegister	24	static
../Core/Src/nrf2401.c:60:6:NRF_WriteRegisters	16	static
../Core/Src/nrf2401.c:70:6:NRF_SendCommand	16	static
../Core/Src/nrf2401.c:77:6:NRF_TX_Mode	16	static
../Core/Src/nrf2401.c:89:6:NRF_RX_Mode	16	static
../Core/Src/nrf2401.c:107:9:NRF_ReadConfigRegister	8	static
../Core/Src/nrf2401.c:113:6:NRF_WriteConfig	16	static
../Core/Src/nrf2401.c:118:6:NRF_SetOutputPower	24	static
../Core/Src/nrf2401.c:125:6:NRF_SetDataRate	24	static
../Core/Src/nrf2401.c:142:9:NRF_ReadStatus	8	static
../Core/Src/nrf2401.c:147:6:NRF_WriteStatus	16	static
../Core/Src/nrf2401.c:152:6:NRF_FlushRX	8	static
../Core/Src/nrf2401.c:157:6:NRF_FlushTX	8	static
../Core/Src/nrf2401.c:162:6:NRF_SetCRC	24	static
../Core/Src/nrf2401.c:181:6:NRF_SetRetransmission	24	static
../Core/Src/nrf2401.c:191:6:NRF_SetChannel	16	static
../Core/Src/nrf2401.c:196:6:NRF_SetPayloadSize	16	static
../Core/Src/nrf2401.c:201:6:NRF_SetDataPipe	24	static
../Core/Src/nrf2401.c:208:6:NRF_EnableAutoACK	24	static
../Core/Src/nrf2401.c:219:6:NRF_SetAddressWidth	24	static
../Core/Src/nrf2401.c:227:6:NRF_SetRXAddress	24	static
../Core/Src/nrf2401.c:241:6:NRF_SetTXAddress	24	static
../Core/Src/nrf2401.c:258:6:nRF24_WriteTXPayload	16	static
../Core/Src/nrf2401.c:263:6:NRF_ReadRXPaylaod	16	static
../Core/Src/nrf2401.c:271:9:NRF_DataAvailable	16	static
../Core/Src/nrf2401.c:286:6:NRF_Init	16	static
