../Core/Src/nrf2401.c:29:6:NRF_Write	16	static
../Core/Src/nrf2401.c:34:6:NRF_Read	16	static
../Core/Src/nrf2401.c:39:9:NRF_ReadRegister	24	static
../Core/Src/nrf2401.c:52:6:NRF_ReadRegisters	16	static
../Core/Src/nrf2401.c:61:6:NRF_WriteRegister	24	static
../Core/Src/nrf2401.c:72:6:NRF_WriteRegisters	16	static
../Core/Src/nrf2401.c:82:6:NRF_SendCommand	16	static
../Core/Src/nrf2401.c:89:6:NRF_TX_Mode	16	static
../Core/Src/nrf2401.c:101:9:NRF_ReadConfigRegister	8	static
../Core/Src/nrf2401.c:106:6:NRF_WriteConfigRegister	16	static
../Core/Src/nrf2401.c:111:6:NRF_RX_Mode	16	static
../Core/Src/nrf2401.c:125:6:NRF_SetOutputPower	24	static
../Core/Src/nrf2401.c:132:6:NRF_SetDataRate	24	static
../Core/Src/nrf2401.c:149:9:NRF_ReadStatus	8	static
../Core/Src/nrf2401.c:154:6:NRF_WriteStatus	16	static
../Core/Src/nrf2401.c:159:6:NRF_FlushRX	8	static
../Core/Src/nrf2401.c:164:6:NRF_FlushTX	8	static
../Core/Src/nrf2401.c:169:6:NRF_SetCRC	24	static
../Core/Src/nrf2401.c:188:6:NRF_SetRetransmission	24	static
../Core/Src/nrf2401.c:198:6:NRF_SetChannel	16	static
../Core/Src/nrf2401.c:203:6:NRF_SetPayloadSize	16	static
../Core/Src/nrf2401.c:208:6:NRF_PowerUp	24	static
../Core/Src/nrf2401.c:215:6:NRF_SetDataPipe	24	static
../Core/Src/nrf2401.c:222:6:NRF_EnableAutoACK	24	static
../Core/Src/nrf2401.c:233:6:NRF_SetAddressWidth	24	static
../Core/Src/nrf2401.c:241:6:NRF_SetRXAddress	24	static
../Core/Src/nrf2401.c:254:6:NRF_SetTXAddress	24	static
../Core/Src/nrf2401.c:270:6:NRF_TXPayload	16	static
../Core/Src/nrf2401.c:275:6:NRF_ReadRXPaylaod	16	static
../Core/Src/nrf2401.c:283:9:NRF_DataAvailable	16	static
../Core/Src/nrf2401.c:295:6:NRF_Init	16	static
../Core/Src/nrf2401.c:330:6:NRF_process	24	static
