../Core/Src/nrf2401.c:28:6:NRF_Write	16	static
../Core/Src/nrf2401.c:33:6:NRF_Read	16	static
../Core/Src/nrf2401.c:38:6:NRF_WriteRegister	24	static
../Core/Src/nrf2401.c:49:6:NRF_WriteRegisters	16	static
../Core/Src/nrf2401.c:59:9:NRF_ReadRegister	24	static
../Core/Src/nrf2401.c:72:6:NRF_ReadRegisters	16	static
../Core/Src/nrf2401.c:81:6:NRF_SendCommand	16	static
../Core/Src/nrf2401.c:88:6:NRF_EnableAutoACK	24	static
../Core/Src/nrf2401.c:99:6:NRF_SetDataPipe	24	static
../Core/Src/nrf2401.c:106:6:NRF_SetAddressWidth	24	static
../Core/Src/nrf2401.c:114:6:NRF_SetRetransmission	24	static
../Core/Src/nrf2401.c:124:6:NRF_SetChannel	16	static
../Core/Src/nrf2401.c:129:6:NRF_SetDataRate	24	static
../Core/Src/nrf2401.c:146:6:NRF_SetCRC	24	static
../Core/Src/nrf2401.c:165:6:NRF_SetOutputPower	24	static
../Core/Src/nrf2401.c:172:6:NRF_SetPayloadSize	16	static
../Core/Src/nrf2401.c:177:6:NRF_PowerUp	24	static
../Core/Src/nrf2401.c:184:6:NRF_Mode	24	static
../Core/Src/nrf2401.c:191:9:NRF_DataAvailable	16	static
../Core/Src/nrf2401.c:203:6:NRF_TXPayload	16	static
../Core/Src/nrf2401.c:208:9:NRF_ReadConfigRegister	8	static
../Core/Src/nrf2401.c:213:6:NRF_WriteConfig	16	static
../Core/Src/nrf2401.c:218:9:NRF_ReadStatus	8	static
../Core/Src/nrf2401.c:223:6:NRF_WriteStatus	16	static
../Core/Src/nrf2401.c:228:6:NRF_FlushRX	8	static
../Core/Src/nrf2401.c:233:6:NRF_FlushTX	8	static
../Core/Src/nrf2401.c:238:6:NRF_SetRXAddress	24	static
../Core/Src/nrf2401.c:252:6:NRF_SetTXAddress	24	static
../Core/Src/nrf2401.c:269:6:NRF_TX_Mode	16	static
../Core/Src/nrf2401.c:281:6:NRF_RX_Mode	16	static
../Core/Src/nrf2401.c:294:6:NRF_Init	16	static
../Core/Src/nrf2401.c:329:6:NRF_process	24	static
