../Core/Src/nrf2401.c:70:6:NRF_Init	16	static
../Core/Src/nrf2401.c:105:6:NRF_process	24	static
../Core/Src/nrf2401.c:215:13:NRF_Read	16	static
../Core/Src/nrf2401.c:220:13:NRF_Write	16	static
../Core/Src/nrf2401.c:225:16:NRF_ReadRegister	24	static
../Core/Src/nrf2401.c:238:13:NRF_ReadRegisters	16	static
../Core/Src/nrf2401.c:247:13:NRF_WriteRegister	24	static
../Core/Src/nrf2401.c:258:13:NRF_WriteRegisters	16	static
../Core/Src/nrf2401.c:268:13:NRF_SendCommand	16	static
../Core/Src/nrf2401.c:275:16:NRF_ReadConfigRegister	8	static
../Core/Src/nrf2401.c:280:13:NRF_WriteConfigRegister	16	static
../Core/Src/nrf2401.c:285:16:NRF_ReadStatusRegister	8	static
../Core/Src/nrf2401.c:290:13:NRF_WriteStatusRegister	16	static
../Core/Src/nrf2401.c:295:13:NRF_SetOutputPower	24	static
../Core/Src/nrf2401.c:302:13:NRF_SetDataRate	24	static
../Core/Src/nrf2401.c:319:13:NRF_SetCRC	24	static
../Core/Src/nrf2401.c:338:13:NRF_SetRetransmission	24	static
../Core/Src/nrf2401.c:348:13:NRF_SetDataPipe	24	static
../Core/Src/nrf2401.c:355:13:NRF_EnableAutoACK	24	static
../Core/Src/nrf2401.c:366:13:NRF_SetPayloadSize	16	static
../Core/Src/nrf2401.c:371:13:NRF_SetChannel	16	static
../Core/Src/nrf2401.c:376:13:NRF_SetAddressWidth	24	static
../Core/Src/nrf2401.c:384:13:NRF_PowerUp	24	static
../Core/Src/nrf2401.c:391:13:NRF_SetRXAddress	24	static
../Core/Src/nrf2401.c:404:13:NRF_SetTXAddress	24	static
../Core/Src/nrf2401.c:420:13:NRF_RX_Mode	16	static
../Core/Src/nrf2401.c:434:13:NRF_TX_Mode	16	static
../Core/Src/nrf2401.c:446:13:NRF_FlushRX	8	static
../Core/Src/nrf2401.c:451:13:NRF_FlushTX	8	static
../Core/Src/nrf2401.c:456:13:NRF_TXPayload	16	static
../Core/Src/nrf2401.c:461:13:NRF_ReadRXPaylaod	16	static
../Core/Src/nrf2401.c:469:16:NRF_DataAvailable	16	static
