../Core/Src/nrf2401.c:82:6:NRF_Init	16	static
../Core/Src/nrf2401.c:117:6:NRF_process	16	static
../Core/Src/nrf2401.c:240:6:NRF_SendMessage	16	static
../Core/Src/nrf2401.c:247:13:NRF_CalculateBitrate	8	static
../Core/Src/nrf2401.c:257:13:NRF_Read	16	static
../Core/Src/nrf2401.c:262:13:NRF_Write	16	static
../Core/Src/nrf2401.c:267:16:NRF_ReadRegister	24	static
../Core/Src/nrf2401.c:280:13:NRF_ReadRegisters	16	static
../Core/Src/nrf2401.c:289:13:NRF_WriteRegister	24	static
../Core/Src/nrf2401.c:300:13:NRF_WriteRegisters	16	static
../Core/Src/nrf2401.c:310:13:NRF_SendCommand	16	static
../Core/Src/nrf2401.c:317:16:NRF_ReadConfigRegister	8	static
../Core/Src/nrf2401.c:322:13:NRF_WriteConfigRegister	16	static
../Core/Src/nrf2401.c:327:16:NRF_ReadStatusRegister	8	static
../Core/Src/nrf2401.c:332:13:NRF_WriteStatusRegister	16	static
../Core/Src/nrf2401.c:337:13:NRF_SetOutputPower	24	static
../Core/Src/nrf2401.c:344:13:NRF_SetDataRate	24	static
../Core/Src/nrf2401.c:361:13:NRF_SetCRC	24	static
../Core/Src/nrf2401.c:380:13:NRF_SetRetransmission	24	static
../Core/Src/nrf2401.c:390:13:NRF_SetDataPipe	24	static
../Core/Src/nrf2401.c:397:13:NRF_EnableAutoACK	24	static
../Core/Src/nrf2401.c:408:13:NRF_SetPayloadSize	16	static
../Core/Src/nrf2401.c:413:13:NRF_SetChannel	16	static
../Core/Src/nrf2401.c:418:13:NRF_SetAddressWidth	24	static
../Core/Src/nrf2401.c:426:13:NRF_PowerUp	24	static
../Core/Src/nrf2401.c:433:13:NRF_SetRXAddress	24	static
../Core/Src/nrf2401.c:446:13:NRF_SetTXAddress	24	static
../Core/Src/nrf2401.c:462:13:NRF_RX_Mode	16	static
../Core/Src/nrf2401.c:476:13:NRF_TX_Mode	16	static
../Core/Src/nrf2401.c:488:13:NRF_FlushRX	8	static
../Core/Src/nrf2401.c:493:13:NRF_FlushTX	8	static
../Core/Src/nrf2401.c:498:13:NRF_TXPayload	16	static
../Core/Src/nrf2401.c:503:13:NRF_ReadRXPaylaod	16	static
../Core/Src/nrf2401.c:511:16:NRF_DataAvailable	16	static
../Core/Src/nrf2401.c:523:13:NRF_ClearRetransmissionFlag	16	static
../Core/Src/nrf2401.c:530:13:NRF_WriteDataToTXBuffer	24	static
