../Core/Src/nrf2401.c:77:6:NRF_Init	16	static
../Core/Src/nrf2401.c:112:6:NRF_process	24	static
../Core/Src/nrf2401.c:229:13:NRF_Read	16	static
../Core/Src/nrf2401.c:234:13:NRF_Write	16	static
../Core/Src/nrf2401.c:239:16:NRF_ReadRegister	24	static
../Core/Src/nrf2401.c:252:13:NRF_ReadRegisters	16	static
../Core/Src/nrf2401.c:261:13:NRF_WriteRegister	24	static
../Core/Src/nrf2401.c:272:13:NRF_WriteRegisters	16	static
../Core/Src/nrf2401.c:282:13:NRF_SendCommand	16	static
../Core/Src/nrf2401.c:289:16:NRF_ReadConfigRegister	8	static
../Core/Src/nrf2401.c:294:13:NRF_WriteConfigRegister	16	static
../Core/Src/nrf2401.c:299:16:NRF_ReadStatusRegister	8	static
../Core/Src/nrf2401.c:304:13:NRF_WriteStatusRegister	16	static
../Core/Src/nrf2401.c:309:13:NRF_SetOutputPower	24	static
../Core/Src/nrf2401.c:316:13:NRF_SetDataRate	24	static
../Core/Src/nrf2401.c:333:13:NRF_SetCRC	24	static
../Core/Src/nrf2401.c:352:13:NRF_SetRetransmission	24	static
../Core/Src/nrf2401.c:362:13:NRF_SetDataPipe	24	static
../Core/Src/nrf2401.c:369:13:NRF_EnableAutoACK	24	static
../Core/Src/nrf2401.c:380:13:NRF_SetPayloadSize	16	static
../Core/Src/nrf2401.c:385:13:NRF_SetChannel	16	static
../Core/Src/nrf2401.c:390:13:NRF_SetAddressWidth	24	static
../Core/Src/nrf2401.c:398:13:NRF_PowerUp	24	static
../Core/Src/nrf2401.c:405:13:NRF_SetRXAddress	24	static
../Core/Src/nrf2401.c:418:13:NRF_SetTXAddress	24	static
../Core/Src/nrf2401.c:434:13:NRF_RX_Mode	16	static
../Core/Src/nrf2401.c:448:13:NRF_TX_Mode	16	static
../Core/Src/nrf2401.c:460:13:NRF_FlushRX	8	static
../Core/Src/nrf2401.c:465:13:NRF_FlushTX	8	static
../Core/Src/nrf2401.c:470:13:NRF_TXPayload	16	static
../Core/Src/nrf2401.c:475:13:NRF_ReadRXPaylaod	16	static
../Core/Src/nrf2401.c:483:16:NRF_DataAvailable	16	static
../Core/Src/nrf2401.c:495:6:NRF_SendMessage	4	static
../Core/Src/nrf2401.c:500:13:NRF_ClearRetransmissionFlag	16	static
../Core/Src/nrf2401.c:507:13:NRF_BufferCopy	24	static
