../Core/Src/nrf2401.c:73:6:NRF_Init	16	static
../Core/Src/nrf2401.c:108:6:NRF_process	24	static
../Core/Src/nrf2401.c:216:13:NRF_Read	16	static
../Core/Src/nrf2401.c:221:13:NRF_Write	16	static
../Core/Src/nrf2401.c:226:16:NRF_ReadRegister	24	static
../Core/Src/nrf2401.c:239:13:NRF_ReadRegisters	16	static
../Core/Src/nrf2401.c:248:13:NRF_WriteRegister	24	static
../Core/Src/nrf2401.c:259:13:NRF_WriteRegisters	16	static
../Core/Src/nrf2401.c:269:13:NRF_SendCommand	16	static
../Core/Src/nrf2401.c:276:16:NRF_ReadConfigRegister	8	static
../Core/Src/nrf2401.c:281:13:NRF_WriteConfigRegister	16	static
../Core/Src/nrf2401.c:286:16:NRF_ReadStatusRegister	8	static
../Core/Src/nrf2401.c:291:13:NRF_WriteStatusRegister	16	static
../Core/Src/nrf2401.c:296:13:NRF_SetOutputPower	24	static
../Core/Src/nrf2401.c:303:13:NRF_SetDataRate	24	static
../Core/Src/nrf2401.c:320:13:NRF_SetCRC	24	static
../Core/Src/nrf2401.c:339:13:NRF_SetRetransmission	24	static
../Core/Src/nrf2401.c:349:13:NRF_SetDataPipe	24	static
../Core/Src/nrf2401.c:356:13:NRF_EnableAutoACK	24	static
../Core/Src/nrf2401.c:367:13:NRF_SetPayloadSize	16	static
../Core/Src/nrf2401.c:372:13:NRF_SetChannel	16	static
../Core/Src/nrf2401.c:377:13:NRF_SetAddressWidth	24	static
../Core/Src/nrf2401.c:385:13:NRF_PowerUp	24	static
../Core/Src/nrf2401.c:392:13:NRF_SetRXAddress	24	static
../Core/Src/nrf2401.c:405:13:NRF_SetTXAddress	24	static
../Core/Src/nrf2401.c:421:13:NRF_RX_Mode	16	static
../Core/Src/nrf2401.c:435:13:NRF_TX_Mode	16	static
../Core/Src/nrf2401.c:447:13:NRF_FlushRX	8	static
../Core/Src/nrf2401.c:452:13:NRF_FlushTX	8	static
../Core/Src/nrf2401.c:457:13:NRF_TXPayload	16	static
../Core/Src/nrf2401.c:462:13:NRF_ReadRXPaylaod	16	static
../Core/Src/nrf2401.c:470:16:NRF_DataAvailable	16	static
../Core/Src/nrf2401.c:482:13:NRF_BufferCopy	24	static
