../Core/Src/nrf2401.c:26:6:NRF_Write	16	static
../Core/Src/nrf2401.c:31:6:NRF_Read	16	static
../Core/Src/nrf2401.c:36:6:NRF_WriteRegister	24	static
../Core/Src/nrf2401.c:47:6:NRF_WriteRegisters	16	static
../Core/Src/nrf2401.c:57:9:NRF_ReadRegister	24	static
../Core/Src/nrf2401.c:70:6:NRF_ReadRegisters	16	static
../Core/Src/nrf2401.c:79:6:NRF_SendCommand	16	static
../Core/Src/nrf2401.c:86:6:NRF_EnableAutoACK	24	static
../Core/Src/nrf2401.c:97:6:NRF_SetDataPipe	24	static
../Core/Src/nrf2401.c:104:6:NRF_SetAddressWidth	24	static
../Core/Src/nrf2401.c:112:6:NRF_SetRetransmission	24	static
../Core/Src/nrf2401.c:122:6:NRF_SetChannel	16	static
../Core/Src/nrf2401.c:127:6:NRF_SetDataRate	24	static
../Core/Src/nrf2401.c:144:6:NRF_SetCRC	24	static
../Core/Src/nrf2401.c:163:6:NRF_SetOutputPower	24	static
../Core/Src/nrf2401.c:170:6:NRF_SetPayloadSize	16	static
../Core/Src/nrf2401.c:175:6:NRF_PowerUp	24	static
../Core/Src/nrf2401.c:182:6:NRF_Mode	24	static
../Core/Src/nrf2401.c:189:9:NRF_DataAvailable	16	static
../Core/Src/nrf2401.c:201:6:NRF_TXPayload	16	static
../Core/Src/nrf2401.c:206:9:NRF_ReadConfigRegister	8	static
../Core/Src/nrf2401.c:211:6:NRF_WriteConfig	16	static
../Core/Src/nrf2401.c:216:9:NRF_ReadStatus	8	static
../Core/Src/nrf2401.c:221:6:NRF_WriteStatus	16	static
../Core/Src/nrf2401.c:226:6:NRF_FlushRX	8	static
../Core/Src/nrf2401.c:231:6:NRF_FlushTX	8	static
../Core/Src/nrf2401.c:236:6:NRF_SetRXAddress	24	static
../Core/Src/nrf2401.c:250:6:NRF_SetTXAddress	24	static
../Core/Src/nrf2401.c:267:6:NRF_TX_Mode	16	static
../Core/Src/nrf2401.c:279:6:NRF_RX_Mode	16	static
../Core/Src/nrf2401.c:292:6:NRF_Init	16	static
../Core/Src/nrf2401.c:327:6:NRF_process	24	static
