../Core/Src/nrf2401.c:75:6:NRF_Init	16	static
../Core/Src/nrf2401.c:110:6:NRF_process	24	static
../Core/Src/nrf2401.c:219:13:NRF_Read	16	static
../Core/Src/nrf2401.c:224:13:NRF_Write	16	static
../Core/Src/nrf2401.c:229:16:NRF_ReadRegister	24	static
../Core/Src/nrf2401.c:242:13:NRF_ReadRegisters	16	static
../Core/Src/nrf2401.c:251:13:NRF_WriteRegister	24	static
../Core/Src/nrf2401.c:262:13:NRF_WriteRegisters	16	static
../Core/Src/nrf2401.c:272:13:NRF_SendCommand	16	static
../Core/Src/nrf2401.c:279:16:NRF_ReadConfigRegister	8	static
../Core/Src/nrf2401.c:284:13:NRF_WriteConfigRegister	16	static
../Core/Src/nrf2401.c:289:16:NRF_ReadStatusRegister	8	static
../Core/Src/nrf2401.c:294:13:NRF_WriteStatusRegister	16	static
../Core/Src/nrf2401.c:299:13:NRF_SetOutputPower	24	static
../Core/Src/nrf2401.c:306:13:NRF_SetDataRate	24	static
../Core/Src/nrf2401.c:323:13:NRF_SetCRC	24	static
../Core/Src/nrf2401.c:342:13:NRF_SetRetransmission	24	static
../Core/Src/nrf2401.c:352:13:NRF_SetDataPipe	24	static
../Core/Src/nrf2401.c:359:13:NRF_EnableAutoACK	24	static
../Core/Src/nrf2401.c:370:13:NRF_SetPayloadSize	16	static
../Core/Src/nrf2401.c:375:13:NRF_SetChannel	16	static
../Core/Src/nrf2401.c:380:13:NRF_SetAddressWidth	24	static
../Core/Src/nrf2401.c:388:13:NRF_PowerUp	24	static
../Core/Src/nrf2401.c:395:13:NRF_SetRXAddress	24	static
../Core/Src/nrf2401.c:408:13:NRF_SetTXAddress	24	static
../Core/Src/nrf2401.c:424:13:NRF_RX_Mode	16	static
../Core/Src/nrf2401.c:438:13:NRF_TX_Mode	16	static
../Core/Src/nrf2401.c:450:13:NRF_FlushRX	8	static
../Core/Src/nrf2401.c:455:13:NRF_FlushTX	8	static
../Core/Src/nrf2401.c:460:13:NRF_TXPayload	16	static
../Core/Src/nrf2401.c:465:13:NRF_ReadRXPaylaod	16	static
../Core/Src/nrf2401.c:473:16:NRF_DataAvailable	16	static
../Core/Src/nrf2401.c:485:13:NRF_ClearRetransmissionFlag	16	static
../Core/Src/nrf2401.c:492:13:NRF_BufferCopy	24	static
