18:49:27 **** Build of configuration Debug for project NRF2401_Receiver ****
make -j12 all 
arm-none-eabi-gcc "../Drivers/STM32F1xx_HAL_Driver/Src/stm32f1xx_hal.c" -mcpu=cortex-m3 -std=gnu11 -g3 -DDEBUG -DUSE_HAL_DRIVER -DSTM32F103xB -c -I../Core/Inc -I../Drivers/STM32F1xx_HAL_Driver/Inc -I../Drivers/STM32F1xx_HAL_Driver/Inc/Legacy -I../Drivers/CMSIS/Device/ST/STM32F1xx/Include -I../Drivers/CMSIS/Include -O0 -ffunction-sections -fdata-sections -Wall -fstack-usage -MMD -MP -MF"Drivers/STM32F1xx_HAL_Driver/Src/stm32f1xx_hal.d" -MT"Drivers/STM32F1xx_HAL_Driver/Src/stm32f1xx_hal.o" --specs=nano.specs -mfloat-abi=soft -mthumb -o "Drivers/STM32F1xx_HAL_Driver/Src/stm32f1xx_hal.o"
arm-none-eabi-gcc "../Drivers/STM32F1xx_HAL_Driver/Src/stm32f1xx_hal_cortex.c" -mcpu=cortex-m3 -std=gnu11 -g3 -DDEBUG -DUSE_HAL_DRIVER -DSTM32F103xB -c -I../Core/Inc -I../Drivers/STM32F1xx_HAL_Driver/Inc -I../Drivers/STM32F1xx_HAL_Driver/Inc/Legacy -I../Drivers/CMSIS/Device/ST/STM32F1xx/Include -I../Drivers/CMSIS/Include -O0 -ffunction-sections -fdata-sections -Wall -fstack-usage -MMD -MP -MF"Drivers/STM32F1xx_HAL_Driver/Src/stm32f1xx_hal_cortex.d" -MT"Drivers/STM32F1xx_HAL_Driver/Src/stm32f1xx_hal_cortex.o" --specs=nano.specs -mfloat-abi=soft -mthumb -o "Drivers/STM32F1xx_HAL_Driver/Src/stm32f1xx_hal_cortex.o"
arm-none-eabi-gcc "../Drivers/STM32F1xx_HAL_Driver/Src/stm32f1xx_hal_dma.c" -mcpu=cortex-m3 -std=gnu11 -g3 -DDEBUG -DUSE_HAL_DRIVER -DSTM32F103xB -c -I../Core/Inc -I../Drivers/STM32F1xx_HAL_Driver/Inc -I../Drivers/STM32F1xx_HAL_Driver/Inc/Legacy -I../Drivers/CMSIS/Device/ST/STM32F1xx/Include -I../Drivers/CMSIS/Include -O0 -ffunction-sections -fdata-sections -Wall -fstack-usage -MMD -MP -MF"Drivers/STM32F1xx_HAL_Driver/Src/stm32f1xx_hal_dma.d" -MT"Drivers/STM32F1xx_HAL_Driver/Src/stm32f1xx_hal_dma.o" --specs=nano.specs -mfloat-abi=soft -mthumb -o "Drivers/STM32F1xx_HAL_Driver/Src/stm32f1xx_hal_dma.o"
arm-none-eabi-gcc "../Drivers/STM32F1xx_HAL_Driver/Src/stm32f1xx_hal_exti.c" -mcpu=cortex-m3 -std=gnu11 -g3 -DDEBUG -DUSE_HAL_DRIVER -DSTM32F103xB -c -I../Core/Inc -I../Drivers/STM32F1xx_HAL_Driver/Inc -I../Drivers/STM32F1xx_HAL_Driver/Inc/Legacy -I../Drivers/CMSIS/Device/ST/STM32F1xx/Include -I../Drivers/CMSIS/Include -O0 -ffunction-sections -fdata-sections -Wall -fstack-usage -MMD -MP -MF"Drivers/STM32F1xx_HAL_Driver/Src/stm32f1xx_hal_exti.d" -MT"Drivers/STM32F1xx_HAL_Driver/Src/stm32f1xx_hal_exti.o" --specs=nano.specs -mfloat-abi=soft -mthumb -o "Drivers/STM32F1xx_HAL_Driver/Src/stm32f1xx_hal_exti.o"
arm-none-eabi-gcc "../Drivers/STM32F1xx_HAL_Driver/Src/stm32f1xx_hal_flash.c" -mcpu=cortex-m3 -std=gnu11 -g3 -DDEBUG -DUSE_HAL_DRIVER -DSTM32F103xB -c -I../Core/Inc -I../Drivers/STM32F1xx_HAL_Driver/Inc -I../Drivers/STM32F1xx_HAL_Driver/Inc/Legacy -I../Drivers/CMSIS/Device/ST/STM32F1xx/Include -I../Drivers/CMSIS/Include -O0 -ffunction-sections -fdata-sections -Wall -fstack-usage -MMD -MP -MF"Drivers/STM32F1xx_HAL_Driver/Src/stm32f1xx_hal_flash.d" -MT"Drivers/STM32F1xx_HAL_Driver/Src/stm32f1xx_hal_flash.o" --specs=nano.specs -mfloat-abi=soft -mthumb -o "Drivers/STM32F1xx_HAL_Driver/Src/stm32f1xx_hal_flash.o"
arm-none-eabi-gcc "../Drivers/STM32F1xx_HAL_Driver/Src/stm32f1xx_hal_flash_ex.c" -mcpu=cortex-m3 -std=gnu11 -g3 -DDEBUG -DUSE_HAL_DRIVER -DSTM32F103xB -c -I../Core/Inc -I../Drivers/STM32F1xx_HAL_Driver/Inc -I../Drivers/STM32F1xx_HAL_Driver/Inc/Legacy -I../Drivers/CMSIS/Device/ST/STM32F1xx/Include -I../Drivers/CMSIS/Include -O0 -ffunction-sections -fdata-sections -Wall -fstack-usage -MMD -MP -MF"Drivers/STM32F1xx_HAL_Driver/Src/stm32f1xx_hal_flash_ex.d" -MT"Drivers/STM32F1xx_HAL_Driver/Src/stm32f1xx_hal_flash_ex.o" --specs=nano.specs -mfloat-abi=soft -mthumb -o "Drivers/STM32F1xx_HAL_Driver/Src/stm32f1xx_hal_flash_ex.o"
arm-none-eabi-gcc "../Drivers/STM32F1xx_HAL_Driver/Src/stm32f1xx_hal_gpio.c" -mcpu=cortex-m3 -std=gnu11 -g3 -DDEBUG -DUSE_HAL_DRIVER -DSTM32F103xB -c -I../Core/Inc -I../Drivers/STM32F1xx_HAL_Driver/Inc -I../Drivers/STM32F1xx_HAL_Driver/Inc/Legacy -I../Drivers/CMSIS/Device/ST/STM32F1xx/Include -I../Drivers/CMSIS/Include -O0 -ffunction-sections -fdata-sections -Wall -fstack-usage -MMD -MP -MF"Drivers/STM32F1xx_HAL_Driver/Src/stm32f1xx_hal_gpio.d" -MT"Drivers/STM32F1xx_HAL_Driver/Src/stm32f1xx_hal_gpio.o" --specs=nano.specs -mfloat-abi=soft -mthumb -o "Drivers/STM32F1xx_HAL_Driver/Src/stm32f1xx_hal_gpio.o"
arm-none-eabi-gcc "../Drivers/STM32F1xx_HAL_Driver/Src/stm32f1xx_hal_gpio_ex.c" -mcpu=cortex-m3 -std=gnu11 -g3 -DDEBUG -DUSE_HAL_DRIVER -DSTM32F103xB -c -I../Core/Inc -I../Drivers/STM32F1xx_HAL_Driver/Inc -I../Drivers/STM32F1xx_HAL_Driver/Inc/Legacy -I../Drivers/CMSIS/Device/ST/STM32F1xx/Include -I../Drivers/CMSIS/Include -O0 -ffunction-sections -fdata-sections -Wall -fstack-usage -MMD -MP -MF"Drivers/STM32F1xx_HAL_Driver/Src/stm32f1xx_hal_gpio_ex.d" -MT"Drivers/STM32F1xx_HAL_Driver/Src/stm32f1xx_hal_gpio_ex.o" --specs=nano.specs -mfloat-abi=soft -mthumb -o "Drivers/STM32F1xx_HAL_Driver/Src/stm32f1xx_hal_gpio_ex.o"
arm-none-eabi-gcc "../Drivers/STM32F1xx_HAL_Driver/Src/stm32f1xx_hal_pwr.c" -mcpu=cortex-m3 -std=gnu11 -g3 -DDEBUG -DUSE_HAL_DRIVER -DSTM32F103xB -c -I../Core/Inc -I../Drivers/STM32F1xx_HAL_Driver/Inc -I../Drivers/STM32F1xx_HAL_Driver/Inc/Legacy -I../Drivers/CMSIS/Device/ST/STM32F1xx/Include -I../Drivers/CMSIS/Include -O0 -ffunction-sections -fdata-sections -Wall -fstack-usage -MMD -MP -MF"Drivers/STM32F1xx_HAL_Driver/Src/stm32f1xx_hal_pwr.d" -MT"Drivers/STM32F1xx_HAL_Driver/Src/stm32f1xx_hal_pwr.o" --specs=nano.specs -mfloat-abi=soft -mthumb -o "Drivers/STM32F1xx_HAL_Driver/Src/stm32f1xx_hal_pwr.o"
arm-none-eabi-gcc "../Drivers/STM32F1xx_HAL_Driver/Src/stm32f1xx_hal_rcc.c" -mcpu=cortex-m3 -std=gnu11 -g3 -DDEBUG -DUSE_HAL_DRIVER -DSTM32F103xB -c -I../Core/Inc -I../Drivers/STM32F1xx_HAL_Driver/Inc -I../Drivers/STM32F1xx_HAL_Driver/Inc/Legacy -I../Drivers/CMSIS/Device/ST/STM32F1xx/Include -I../Drivers/CMSIS/Include -O0 -ffunction-sections -fdata-sections -Wall -fstack-usage -MMD -MP -MF"Drivers/STM32F1xx_HAL_Driver/Src/stm32f1xx_hal_rcc.d" -MT"Drivers/STM32F1xx_HAL_Driver/Src/stm32f1xx_hal_rcc.o" --specs=nano.specs -mfloat-abi=soft -mthumb -o "Drivers/STM32F1xx_HAL_Driver/Src/stm32f1xx_hal_rcc.o"
arm-none-eabi-gcc "../Drivers/STM32F1xx_HAL_Driver/Src/stm32f1xx_hal_rcc_ex.c" -mcpu=cortex-m3 -std=gnu11 -g3 -DDEBUG -DUSE_HAL_DRIVER -DSTM32F103xB -c -I../Core/Inc -I../Drivers/STM32F1xx_HAL_Driver/Inc -I../Drivers/STM32F1xx_HAL_Driver/Inc/Legacy -I../Drivers/CMSIS/Device/ST/STM32F1xx/Include -I../Drivers/CMSIS/Include -O0 -ffunction-sections -fdata-sections -Wall -fstack-usage -MMD -MP -MF"Drivers/STM32F1xx_HAL_Driver/Src/stm32f1xx_hal_rcc_ex.d" -MT"Drivers/STM32F1xx_HAL_Driver/Src/stm32f1xx_hal_rcc_ex.o" --specs=nano.specs -mfloat-abi=soft -mthumb -o "Drivers/STM32F1xx_HAL_Driver/Src/stm32f1xx_hal_rcc_ex.o"
arm-none-eabi-gcc "../Drivers/STM32F1xx_HAL_Driver/Src/stm32f1xx_hal_spi.c" -mcpu=cortex-m3 -std=gnu11 -g3 -DDEBUG -DUSE_HAL_DRIVER -DSTM32F103xB -c -I../Core/Inc -I../Drivers/STM32F1xx_HAL_Driver/Inc -I../Drivers/STM32F1xx_HAL_Driver/Inc/Legacy -I../Drivers/CMSIS/Device/ST/STM32F1xx/Include -I../Drivers/CMSIS/Include -O0 -ffunction-sections -fdata-sections -Wall -fstack-usage -MMD -MP -MF"Drivers/STM32F1xx_HAL_Driver/Src/stm32f1xx_hal_spi.d" -MT"Drivers/STM32F1xx_HAL_Driver/Src/stm32f1xx_hal_spi.o" --specs=nano.specs -mfloat-abi=soft -mthumb -o "Drivers/STM32F1xx_HAL_Driver/Src/stm32f1xx_hal_spi.o"
arm-none-eabi-gcc "../Drivers/STM32F1xx_HAL_Driver/Src/stm32f1xx_hal_tim.c" -mcpu=cortex-m3 -std=gnu11 -g3 -DDEBUG -DUSE_HAL_DRIVER -DSTM32F103xB -c -I../Core/Inc -I../Drivers/STM32F1xx_HAL_Driver/Inc -I../Drivers/STM32F1xx_HAL_Driver/Inc/Legacy -I../Drivers/CMSIS/Device/ST/STM32F1xx/Include -I../Drivers/CMSIS/Include -O0 -ffunction-sections -fdata-sections -Wall -fstack-usage -MMD -MP -MF"Drivers/STM32F1xx_HAL_Driver/Src/stm32f1xx_hal_tim.d" -MT"Drivers/STM32F1xx_HAL_Driver/Src/stm32f1xx_hal_tim.o" --specs=nano.specs -mfloat-abi=soft -mthumb -o "Drivers/STM32F1xx_HAL_Driver/Src/stm32f1xx_hal_tim.o"
arm-none-eabi-gcc "../Drivers/STM32F1xx_HAL_Driver/Src/stm32f1xx_hal_tim_ex.c" -mcpu=cortex-m3 -std=gnu11 -g3 -DDEBUG -DUSE_HAL_DRIVER -DSTM32F103xB -c -I../Core/Inc -I../Drivers/STM32F1xx_HAL_Driver/Inc -I../Drivers/STM32F1xx_HAL_Driver/Inc/Legacy -I../Drivers/CMSIS/Device/ST/STM32F1xx/Include -I../Drivers/CMSIS/Include -O0 -ffunction-sections -fdata-sections -Wall -fstack-usage -MMD -MP -MF"Drivers/STM32F1xx_HAL_Driver/Src/stm32f1xx_hal_tim_ex.d" -MT"Drivers/STM32F1xx_HAL_Driver/Src/stm32f1xx_hal_tim_ex.o" --specs=nano.specs -mfloat-abi=soft -mthumb -o "Drivers/STM32F1xx_HAL_Driver/Src/stm32f1xx_hal_tim_ex.o"
arm-none-eabi-gcc "../Drivers/STM32F1xx_HAL_Driver/Src/stm32f1xx_hal_uart.c" -mcpu=cortex-m3 -std=gnu11 -g3 -DDEBUG -DUSE_HAL_DRIVER -DSTM32F103xB -c -I../Core/Inc -I../Drivers/STM32F1xx_HAL_Driver/Inc -I../Drivers/STM32F1xx_HAL_Driver/Inc/Legacy -I../Drivers/CMSIS/Device/ST/STM32F1xx/Include -I../Drivers/CMSIS/Include -O0 -ffunction-sections -fdata-sections -Wall -fstack-usage -MMD -MP -MF"Drivers/STM32F1xx_HAL_Driver/Src/stm32f1xx_hal_uart.d" -MT"Drivers/STM32F1xx_HAL_Driver/Src/stm32f1xx_hal_uart.o" --specs=nano.specs -mfloat-abi=soft -mthumb -o "Drivers/STM32F1xx_HAL_Driver/Src/stm32f1xx_hal_uart.o"
arm-none-eabi-gcc -mcpu=cortex-m3 -g3 -DDEBUG -c -x assembler-with-cpp -MMD -MP -MF"Core/Startup/startup_stm32f103rbtx.d" -MT"Core/Startup/startup_stm32f103rbtx.o" --specs=nano.specs -mfloat-abi=soft -mthumb -o "Core/Startup/startup_stm32f103rbtx.o" "../Core/Startup/startup_stm32f103rbtx.s"
arm-none-eabi-gcc "../Core/Src/gpio.c" -mcpu=cortex-m3 -std=gnu11 -g3 -DDEBUG -DUSE_HAL_DRIVER -DSTM32F103xB -c -I../Core/Inc -I../Drivers/STM32F1xx_HAL_Driver/Inc -I../Drivers/STM32F1xx_HAL_Driver/Inc/Legacy -I../Drivers/CMSIS/Device/ST/STM32F1xx/Include -I../Drivers/CMSIS/Include -O0 -ffunction-sections -fdata-sections -Wall -fstack-usage -MMD -MP -MF"Core/Src/gpio.d" -MT"Core/Src/gpio.o" --specs=nano.specs -mfloat-abi=soft -mthumb -o "Core/Src/gpio.o"
arm-none-eabi-gcc "../Core/Src/main.c" -mcpu=cortex-m3 -std=gnu11 -g3 -DDEBUG -DUSE_HAL_DRIVER -DSTM32F103xB -c -I../Core/Inc -I../Drivers/STM32F1xx_HAL_Driver/Inc -I../Drivers/STM32F1xx_HAL_Driver/Inc/Legacy -I../Drivers/CMSIS/Device/ST/STM32F1xx/Include -I../Drivers/CMSIS/Include -O0 -ffunction-sections -fdata-sections -Wall -fstack-usage -MMD -MP -MF"Core/Src/main.d" -MT"Core/Src/main.o" --specs=nano.specs -mfloat-abi=soft -mthumb -o "Core/Src/main.o"
arm-none-eabi-gcc "../Core/Src/nrf2401.c" -mcpu=cortex-m3 -std=gnu11 -g3 -DDEBUG -DUSE_HAL_DRIVER -DSTM32F103xB -c -I../Core/Inc -I../Drivers/STM32F1xx_HAL_Driver/Inc -I../Drivers/STM32F1xx_HAL_Driver/Inc/Legacy -I../Drivers/CMSIS/Device/ST/STM32F1xx/Include -I../Drivers/CMSIS/Include -O0 -ffunction-sections -fdata-sections -Wall -fstack-usage -MMD -MP -MF"Core/Src/nrf2401.d" -MT"Core/Src/nrf2401.o" --specs=nano.specs -mfloat-abi=soft -mthumb -o "Core/Src/nrf2401.o"
arm-none-eabi-gcc "../Core/Src/spi.c" -mcpu=cortex-m3 -std=gnu11 -g3 -DDEBUG -DUSE_HAL_DRIVER -DSTM32F103xB -c -I../Core/Inc -I../Drivers/STM32F1xx_HAL_Driver/Inc -I../Drivers/STM32F1xx_HAL_Driver/Inc/Legacy -I../Drivers/CMSIS/Device/ST/STM32F1xx/Include -I../Drivers/CMSIS/Include -O0 -ffunction-sections -fdata-sections -Wall -fstack-usage -MMD -MP -MF"Core/Src/spi.d" -MT"Core/Src/spi.o" --specs=nano.specs -mfloat-abi=soft -mthumb -o "Core/Src/spi.o"
arm-none-eabi-gcc "../Core/Src/stm32f1xx_hal_msp.c" -mcpu=cortex-m3 -std=gnu11 -g3 -DDEBUG -DUSE_HAL_DRIVER -DSTM32F103xB -c -I../Core/Inc -I../Drivers/STM32F1xx_HAL_Driver/Inc -I../Drivers/STM32F1xx_HAL_Driver/Inc/Legacy -I../Drivers/CMSIS/Device/ST/STM32F1xx/Include -I../Drivers/CMSIS/Include -O0 -ffunction-sections -fdata-sections -Wall -fstack-usage -MMD -MP -MF"Core/Src/stm32f1xx_hal_msp.d" -MT"Core/Src/stm32f1xx_hal_msp.o" --specs=nano.specs -mfloat-abi=soft -mthumb -o "Core/Src/stm32f1xx_hal_msp.o"
arm-none-eabi-gcc "../Core/Src/stm32f1xx_it.c" -mcpu=cortex-m3 -std=gnu11 -g3 -DDEBUG -DUSE_HAL_DRIVER -DSTM32F103xB -c -I../Core/Inc -I../Drivers/STM32F1xx_HAL_Driver/Inc -I../Drivers/STM32F1xx_HAL_Driver/Inc/Legacy -I../Drivers/CMSIS/Device/ST/STM32F1xx/Include -I../Drivers/CMSIS/Include -O0 -ffunction-sections -fdata-sections -Wall -fstack-usage -MMD -MP -MF"Core/Src/stm32f1xx_it.d" -MT"Core/Src/stm32f1xx_it.o" --specs=nano.specs -mfloat-abi=soft -mthumb -o "Core/Src/stm32f1xx_it.o"
arm-none-eabi-gcc "../Core/Src/syscalls.c" -mcpu=cortex-m3 -std=gnu11 -g3 -DDEBUG -DUSE_HAL_DRIVER -DSTM32F103xB -c -I../Core/Inc -I../Drivers/STM32F1xx_HAL_Driver/Inc -I../Drivers/STM32F1xx_HAL_Driver/Inc/Legacy -I../Drivers/CMSIS/Device/ST/STM32F1xx/Include -I../Drivers/CMSIS/Include -O0 -ffunction-sections -fdata-sections -Wall -fstack-usage -MMD -MP -MF"Core/Src/syscalls.d" -MT"Core/Src/syscalls.o" --specs=nano.specs -mfloat-abi=soft -mthumb -o "Core/Src/syscalls.o"
arm-none-eabi-gcc "../Core/Src/sysmem.c" -mcpu=cortex-m3 -std=gnu11 -g3 -DDEBUG -DUSE_HAL_DRIVER -DSTM32F103xB -c -I../Core/Inc -I../Drivers/STM32F1xx_HAL_Driver/Inc -I../Drivers/STM32F1xx_HAL_Driver/Inc/Legacy -I../Drivers/CMSIS/Device/ST/STM32F1xx/Include -I../Drivers/CMSIS/Include -O0 -ffunction-sections -fdata-sections -Wall -fstack-usage -MMD -MP -MF"Core/Src/sysmem.d" -MT"Core/Src/sysmem.o" --specs=nano.specs -mfloat-abi=soft -mthumb -o "Core/Src/sysmem.o"
../Core/Src/nrf2401.c: In function 'NRF_RXPayload':
../Core/Src/nrf2401.c:187:2: error: too many arguments to function 'NRF_ReadRegister'
  187 |  NRF_ReadRegister(NRF24_CMD_R_RX_PAYLOAD, data);
      |  ^~~~~~~~~~~~~~~~
../Core/Src/nrf2401.c:50:9: note: declared here
   50 | uint8_t NRF_ReadRegister(uint8_t reg)
      |         ^~~~~~~~~~~~~~~~
../Core/Src/nrf2401.c: In function 'NRF_Config':
../Core/Src/nrf2401.c:206:2: warning: implicit declaration of function 'NRF_SetAddress'; did you mean 'NRF_SetAddressWidth'? [-Wimplicit-function-declaration]
  206 |  NRF_SetAddress();
      |  ^~~~~~~~~~~~~~
      |  NRF_SetAddressWidth
../Core/Src/nrf2401.c: In function 'NRF_process':
../Core/Src/nrf2401.c:258:24: error: 'huart2' undeclared (first use in this function)
  258 |     HAL_UART_Transmit(&huart2, rx_buffer, sizeof(rx_buffer), 1000);
      |                        ^~~~~~
../Core/Src/nrf2401.c:258:24: note: each undeclared identifier is reported only once for each function it appears in
../Core/Src/nrf2401.c:258:32: warning: passing argument 2 of 'HAL_UART_Transmit' makes pointer from integer without a cast [-Wint-conversion]
  258 |     HAL_UART_Transmit(&huart2, rx_buffer, sizeof(rx_buffer), 1000);
      |                                ^~~~~~~~~
      |                                |
      |                                uint8_t {aka unsigned char}
In file included from ../Core/Inc/stm32f1xx_hal_conf.h:338,
                 from ../Drivers/STM32F1xx_HAL_Driver/Inc/stm32f1xx_hal.h:30,
                 from ../Core/Inc/main.h:30,
                 from ../Core/Src/nrf2401.c:8:
../Drivers/STM32F1xx_HAL_Driver/Inc/stm32f1xx_hal_uart.h:725:73: note: expected 'uint8_t *' {aka 'unsigned char *'} but argument is of type 'uint8_t' {aka 'unsigned char'}
  725 | HAL_StatusTypeDef HAL_UART_Transmit(UART_HandleTypeDef *huart, uint8_t *pData, uint16_t Size, uint32_t Timeout);
      |                                                                ~~~~~~~~~^~~~~
arm-none-eabi-gcc "../Core/Src/system_stm32f1xx.c" -mcpu=cortex-m3 -std=gnu11 -g3 -DDEBUG -DUSE_HAL_DRIVER -DSTM32F103xB -c -I../Core/Inc -I../Drivers/STM32F1xx_HAL_Driver/Inc -I../Drivers/STM32F1xx_HAL_Driver/Inc/Legacy -I../Drivers/CMSIS/Device/ST/STM32F1xx/Include -I../Drivers/CMSIS/Include -O0 -ffunction-sections -fdata-sections -Wall -fstack-usage -MMD -MP -MF"Core/Src/system_stm32f1xx.d" -MT"Core/Src/system_stm32f1xx.o" --specs=nano.specs -mfloat-abi=soft -mthumb -o "Core/Src/system_stm32f1xx.o"
make: *** [Core/Src/subdir.mk:46: Core/Src/nrf2401.o] Error 1
make: *** Waiting for unfinished jobs....
"make -j12 all" terminated with exit code 2. Build might be incomplete.
18:49:51 **** Incremental Build of configuration Debug for project NRF2401_Receiver ****
make -j12 all 
arm-none-eabi-gcc "../Core/Src/nrf2401.c" -mcpu=cortex-m3 -std=gnu11 -g3 -DDEBUG -DUSE_HAL_DRIVER -DSTM32F103xB -c -I../Core/Inc -I../Drivers/STM32F1xx_HAL_Driver/Inc -I../Drivers/STM32F1xx_HAL_Driver/Inc/Legacy -I../Drivers/CMSIS/Device/ST/STM32F1xx/Include -I../Drivers/CMSIS/Include -O0 -ffunction-sections -fdata-sections -Wall -fstack-usage -MMD -MP -MF"Core/Src/nrf2401.d" -MT"Core/Src/nrf2401.o" --specs=nano.specs -mfloat-abi=soft -mthumb -o "Core/Src/nrf2401.o"
arm-none-eabi-gcc "../Core/Src/usart.c" -mcpu=cortex-m3 -std=gnu11 -g3 -DDEBUG -DUSE_HAL_DRIVER -DSTM32F103xB -c -I../Core/Inc -I../Drivers/STM32F1xx_HAL_Driver/Inc -I../Drivers/STM32F1xx_HAL_Driver/Inc/Legacy -I../Drivers/CMSIS/Device/ST/STM32F1xx/Include -I../Drivers/CMSIS/Include -O0 -ffunction-sections -fdata-sections -Wall -fstack-usage -MMD -MP -MF"Core/Src/usart.d" -MT"Core/Src/usart.o" --specs=nano.specs -mfloat-abi=soft -mthumb -o "Core/Src/usart.o"
../Core/Src/nrf2401.c:9:10: fatal error: uart.h: No such file or directory
    9 | #include "uart.h"
      |          ^~~~~~~~
compilation terminated.
make: *** [Core/Src/subdir.mk:46: Core/Src/nrf2401.o] Error 1
make: *** Waiting for unfinished jobs....
"make -j12 all" terminated with exit code 2. Build might be incomplete.
18:50:01 **** Incremental Build of configuration Debug for project NRF2401_Receiver ****
make -j12 all 
arm-none-eabi-gcc "../Core/Src/nrf2401.c" -mcpu=cortex-m3 -std=gnu11 -g3 -DDEBUG -DUSE_HAL_DRIVER -DSTM32F103xB -c -I../Core/Inc -I../Drivers/STM32F1xx_HAL_Driver/Inc -I../Drivers/STM32F1xx_HAL_Driver/Inc/Legacy -I../Drivers/CMSIS/Device/ST/STM32F1xx/Include -I../Drivers/CMSIS/Include -O0 -ffunction-sections -fdata-sections -Wall -fstack-usage -MMD -MP -MF"Core/Src/nrf2401.d" -MT"Core/Src/nrf2401.o" --specs=nano.specs -mfloat-abi=soft -mthumb -o "Core/Src/nrf2401.o"
../Core/Src/nrf2401.c: In function 'NRF_RXPayload':
../Core/Src/nrf2401.c:187:2: error: too many arguments to function 'NRF_ReadRegister'
  187 |  NRF_ReadRegister(NRF24_CMD_R_RX_PAYLOAD, data);
      |  ^~~~~~~~~~~~~~~~
../Core/Src/nrf2401.c:50:9: note: declared here
   50 | uint8_t NRF_ReadRegister(uint8_t reg)
      |         ^~~~~~~~~~~~~~~~
../Core/Src/nrf2401.c: In function 'NRF_Config':
../Core/Src/nrf2401.c:206:2: warning: implicit declaration of function 'NRF_SetAddress'; did you mean 'NRF_SetAddressWidth'? [-Wimplicit-function-declaration]
  206 |  NRF_SetAddress();
      |  ^~~~~~~~~~~~~~
      |  NRF_SetAddressWidth
../Core/Src/nrf2401.c: In function 'NRF_process':
../Core/Src/nrf2401.c:258:24: error: 'huart2' undeclared (first use in this function)
  258 |     HAL_UART_Transmit(&huart2, rx_buffer, sizeof(rx_buffer), 1000);
      |                        ^~~~~~
../Core/Src/nrf2401.c:258:24: note: each undeclared identifier is reported only once for each function it appears in
../Core/Src/nrf2401.c:258:32: warning: passing argument 2 of 'HAL_UART_Transmit' makes pointer from integer without a cast [-Wint-conversion]
  258 |     HAL_UART_Transmit(&huart2, rx_buffer, sizeof(rx_buffer), 1000);
      |                                ^~~~~~~~~
      |                                |
      |                                uint8_t {aka unsigned char}
In file included from ../Core/Inc/stm32f1xx_hal_conf.h:338,
                 from ../Drivers/STM32F1xx_HAL_Driver/Inc/stm32f1xx_hal.h:30,
                 from ../Core/Inc/main.h:30,
                 from ../Core/Src/nrf2401.c:8:
../Drivers/STM32F1xx_HAL_Driver/Inc/stm32f1xx_hal_uart.h:725:73: note: expected 'uint8_t *' {aka 'unsigned char *'} but argument is of type 'uint8_t' {aka 'unsigned char'}
  725 | HAL_StatusTypeDef HAL_UART_Transmit(UART_HandleTypeDef *huart, uint8_t *pData, uint16_t Size, uint32_t Timeout);
      |                                                                ~~~~~~~~~^~~~~
make: *** [Core/Src/subdir.mk:46: Core/Src/nrf2401.o] Error 1
"make -j12 all" terminated with exit code 2. Build might be incomplete.
18:50:58 **** Incremental Build of configuration Debug for project NRF2401_Receiver ****
make -j12 all 
arm-none-eabi-gcc "../Core/Src/nrf2401.c" -mcpu=cortex-m3 -std=gnu11 -g3 -DDEBUG -DUSE_HAL_DRIVER -DSTM32F103xB -c -I../Core/Inc -I../Drivers/STM32F1xx_HAL_Driver/Inc -I../Drivers/STM32F1xx_HAL_Driver/Inc/Legacy -I../Drivers/CMSIS/Device/ST/STM32F1xx/Include -I../Drivers/CMSIS/Include -O0 -ffunction-sections -fdata-sections -Wall -fstack-usage -MMD -MP -MF"Core/Src/nrf2401.d" -MT"Core/Src/nrf2401.o" --specs=nano.specs -mfloat-abi=soft -mthumb -o "Core/Src/nrf2401.o"
../Core/Src/nrf2401.c: In function 'NRF_RXPayload':
../Core/Src/nrf2401.c:188:2: error: too many arguments to function 'NRF_ReadRegister'
  188 |  NRF_ReadRegister(NRF24_CMD_R_RX_PAYLOAD, data);
      |  ^~~~~~~~~~~~~~~~
../Core/Src/nrf2401.c:51:9: note: declared here
   51 | uint8_t NRF_ReadRegister(uint8_t reg)
      |         ^~~~~~~~~~~~~~~~
../Core/Src/nrf2401.c: In function 'NRF_Config':
../Core/Src/nrf2401.c:207:2: warning: implicit declaration of function 'NRF_SetAddress'; did you mean 'NRF_SetAddressWidth'? [-Wimplicit-function-declaration]
  207 |  NRF_SetAddress();
      |  ^~~~~~~~~~~~~~
      |  NRF_SetAddressWidth
../Core/Src/nrf2401.c: In function 'NRF_process':
../Core/Src/nrf2401.c:259:32: warning: passing argument 2 of 'HAL_UART_Transmit' makes pointer from integer without a cast [-Wint-conversion]
  259 |     HAL_UART_Transmit(&huart2, rx_buffer, sizeof(rx_buffer), 1000);
      |                                ^~~~~~~~~
      |                                |
      |                                uint8_t {aka unsigned char}
In file included from ../Core/Inc/stm32f1xx_hal_conf.h:338,
                 from ../Drivers/STM32F1xx_HAL_Driver/Inc/stm32f1xx_hal.h:30,
                 from ../Core/Inc/main.h:30,
                 from ../Core/Src/nrf2401.c:8:
../Drivers/STM32F1xx_HAL_Driver/Inc/stm32f1xx_hal_uart.h:725:73: note: expected 'uint8_t *' {aka 'unsigned char *'} but argument is of type 'uint8_t' {aka 'unsigned char'}
  725 | HAL_StatusTypeDef HAL_UART_Transmit(UART_HandleTypeDef *huart, uint8_t *pData, uint16_t Size, uint32_t Timeout);
      |                                                                ~~~~~~~~~^~~~~
make: *** [Core/Src/subdir.mk:46: Core/Src/nrf2401.o] Error 1
"make -j12 all" terminated with exit code 2. Build might be incomplete.
18:51:27 **** Incremental Build of configuration Debug for project NRF2401_Receiver ****
make -j12 all 
arm-none-eabi-gcc "../Core/Src/nrf2401.c" -mcpu=cortex-m3 -std=gnu11 -g3 -DDEBUG -DUSE_HAL_DRIVER -DSTM32F103xB -c -I../Core/Inc -I../Drivers/STM32F1xx_HAL_Driver/Inc -I../Drivers/STM32F1xx_HAL_Driver/Inc/Legacy -I../Drivers/CMSIS/Device/ST/STM32F1xx/Include -I../Drivers/CMSIS/Include -O0 -ffunction-sections -fdata-sections -Wall -fstack-usage -MMD -MP -MF"Core/Src/nrf2401.d" -MT"Core/Src/nrf2401.o" --specs=nano.specs -mfloat-abi=soft -mthumb -o "Core/Src/nrf2401.o"
../Core/Src/nrf2401.c: In function 'NRF_Config':
../Core/Src/nrf2401.c:206:2: warning: implicit declaration of function 'NRF_SetAddress'; did you mean 'NRF_SetAddressWidth'? [-Wimplicit-function-declaration]
  206 |  NRF_SetAddress();
      |  ^~~~~~~~~~~~~~
      |  NRF_SetAddressWidth
../Core/Src/nrf2401.c: In function 'NRF_process':
../Core/Src/nrf2401.c:258:32: warning: passing argument 2 of 'HAL_UART_Transmit' makes pointer from integer without a cast [-Wint-conversion]
  258 |     HAL_UART_Transmit(&huart2, rx_buffer, sizeof(rx_buffer), 1000);
      |                                ^~~~~~~~~
      |                                |
      |                                uint8_t {aka unsigned char}
In file included from ../Core/Inc/stm32f1xx_hal_conf.h:338,
                 from ../Drivers/STM32F1xx_HAL_Driver/Inc/stm32f1xx_hal.h:30,
                 from ../Core/Inc/main.h:30,
                 from ../Core/Src/nrf2401.c:8:
../Drivers/STM32F1xx_HAL_Driver/Inc/stm32f1xx_hal_uart.h:725:73: note: expected 'uint8_t *' {aka 'unsigned char *'} but argument is of type 'uint8_t' {aka 'unsigned char'}
  725 | HAL_StatusTypeDef HAL_UART_Transmit(UART_HandleTypeDef *huart, uint8_t *pData, uint16_t Size, uint32_t Timeout);
      |                                                                ~~~~~~~~~^~~~~
arm-none-eabi-gcc -o "NRF2401_Receiver.elf" @"objects.list"   -mcpu=cortex-m3 -T"C:\Users\stasz\Documents\NRF2401 RC Car\NRF2401_Receiver\STM32F103RBTX_FLASH.ld" --specs=nosys.specs -Wl,-Map="NRF2401_Receiver.map" -Wl,--gc-sections -static --specs=nano.specs -mfloat-abi=soft -mthumb -Wl,--start-group -lc -lm -Wl,--end-group
c:\st\stm32cubeide_1.9.0\stm32cubeide\plugins\com.st.stm32cube.ide.mcu.externaltools.gnu-tools-for-stm32.10.3-2021.10.win32_1.0.0.202111181127\tools\arm-none-eabi\bin\ld.exe: ./Core/Src/nrf2401.o: in function `NRF_Config':
C:/Users/stasz/Documents/NRF2401 RC Car/NRF2401_Receiver/Debug/../Core/Src/nrf2401.c:206: undefined reference to `NRF_SetAddress'
collect2.exe: error: ld returned 1 exit status
make: *** [makefile:64: NRF2401_Receiver.elf] Error 1
"make -j12 all" terminated with exit code 2. Build might be incomplete.
18:51:42 **** Incremental Build of configuration Debug for project NRF2401_Receiver ****
make -j12 all 
arm-none-eabi-gcc "../Core/Src/nrf2401.c" -mcpu=cortex-m3 -std=gnu11 -g3 -DDEBUG -DUSE_HAL_DRIVER -DSTM32F103xB -c -I../Core/Inc -I../Drivers/STM32F1xx_HAL_Driver/Inc -I../Drivers/STM32F1xx_HAL_Driver/Inc/Legacy -I../Drivers/CMSIS/Device/ST/STM32F1xx/Include -I../Drivers/CMSIS/Include -O0 -ffunction-sections -fdata-sections -Wall -fstack-usage -MMD -MP -MF"Core/Src/nrf2401.d" -MT"Core/Src/nrf2401.o" --specs=nano.specs -mfloat-abi=soft -mthumb -o "Core/Src/nrf2401.o"
arm-none-eabi-gcc -o "NRF2401_Receiver.elf" @"objects.list"   -mcpu=cortex-m3 -T"C:\Users\stasz\Documents\NRF2401 RC Car\NRF2401_Receiver\STM32F103RBTX_FLASH.ld" --specs=nosys.specs -Wl,-Map="NRF2401_Receiver.map" -Wl,--gc-sections -static --specs=nano.specs -mfloat-abi=soft -mthumb -Wl,--start-group -lc -lm -Wl,--end-group
Finished building target: NRF2401_Receiver.elf
 
arm-none-eabi-size   NRF2401_Receiver.elf 
arm-none-eabi-objdump -h -S  NRF2401_Receiver.elf  > "NRF2401_Receiver.list"
   text	   data	    bss	    dec	    hex	filename
  10312	     20	   1740	  12072	   2f28	NRF2401_Receiver.elf
Finished building: default.size.stdout
 
Finished building: NRF2401_Receiver.list
 
18:55:06 **** Incremental Build of configuration Debug for project NRF2401_Receiver ****
make -j12 all 
arm-none-eabi-gcc "../Core/Src/nrf2401.c" -mcpu=cortex-m3 -std=gnu11 -g3 -DDEBUG -DUSE_HAL_DRIVER -DSTM32F103xB -c -I../Core/Inc -I../Drivers/STM32F1xx_HAL_Driver/Inc -I../Drivers/STM32F1xx_HAL_Driver/Inc/Legacy -I../Drivers/CMSIS/Device/ST/STM32F1xx/Include -I../Drivers/CMSIS/Include -O0 -ffunction-sections -fdata-sections -Wall -fstack-usage -MMD -MP -MF"Core/Src/nrf2401.d" -MT"Core/Src/nrf2401.o" --specs=nano.specs -mfloat-abi=soft -mthumb -o "Core/Src/nrf2401.o"
../Core/Src/nrf2401.c: In function 'NRF_RXPayload':
../Core/Src/nrf2401.c:187:2: error: too many arguments to function 'NRF_ReadRegister'
  187 |  NRF_ReadRegister(NRF24_CMD_R_RX_PAYLOAD, data);
      |  ^~~~~~~~~~~~~~~~
../Core/Src/nrf2401.c:50:9: note: declared here
   50 | uint8_t NRF_ReadRegister(uint8_t reg)
      |         ^~~~~~~~~~~~~~~~
../Core/Src/nrf2401.c: In function 'NRF_Config':
../Core/Src/nrf2401.c:206:2: warning: implicit declaration of function 'NRF_SetAddress'; did you mean 'NRF_SetAddressWidth'? [-Wimplicit-function-declaration]
  206 |  NRF_SetAddress();
      |  ^~~~~~~~~~~~~~
      |  NRF_SetAddressWidth
../Core/Src/nrf2401.c: In function 'NRF_process':
../Core/Src/nrf2401.c:244:23: error: 'huart2' undeclared (first use in this function)
  244 |    HAL_UART_Transmit(&huart2, &a, sizeof(rx_buffer), 1000);
      |                       ^~~~~~
../Core/Src/nrf2401.c:244:23: note: each undeclared identifier is reported only once for each function it appears in
../Core/Src/nrf2401.c:244:31: warning: passing argument 2 of 'HAL_UART_Transmit' from incompatible pointer type [-Wincompatible-pointer-types]
  244 |    HAL_UART_Transmit(&huart2, &a, sizeof(rx_buffer), 1000);
      |                               ^~
      |                               |
      |                               char (*)[8]
In file included from ../Core/Inc/stm32f1xx_hal_conf.h:338,
                 from ../Drivers/STM32F1xx_HAL_Driver/Inc/stm32f1xx_hal.h:30,
                 from ../Core/Inc/main.h:30,
                 from ../Core/Src/nrf2401.c:8:
../Drivers/STM32F1xx_HAL_Driver/Inc/stm32f1xx_hal_uart.h:725:73: note: expected 'uint8_t *' {aka 'unsigned char *'} but argument is of type 'char (*)[8]'
  725 | HAL_StatusTypeDef HAL_UART_Transmit(UART_HandleTypeDef *huart, uint8_t *pData, uint16_t Size, uint32_t Timeout);
      |                                                                ~~~~~~~~~^~~~~
make: *** [Core/Src/subdir.mk:46: Core/Src/nrf2401.o] Error 1
"make -j12 all" terminated with exit code 2. Build might be incomplete.
18:55:21 **** Incremental Build of configuration Debug for project NRF2401_Receiver ****
make -j12 all 
arm-none-eabi-gcc "../Core/Src/nrf2401.c" -mcpu=cortex-m3 -std=gnu11 -g3 -DDEBUG -DUSE_HAL_DRIVER -DSTM32F103xB -c -I../Core/Inc -I../Drivers/STM32F1xx_HAL_Driver/Inc -I../Drivers/STM32F1xx_HAL_Driver/Inc/Legacy -I../Drivers/CMSIS/Device/ST/STM32F1xx/Include -I../Drivers/CMSIS/Include -O0 -ffunction-sections -fdata-sections -Wall -fstack-usage -MMD -MP -MF"Core/Src/nrf2401.d" -MT"Core/Src/nrf2401.o" --specs=nano.specs -mfloat-abi=soft -mthumb -o "Core/Src/nrf2401.o"
../Core/Src/nrf2401.c: In function 'NRF_RXPayload':
../Core/Src/nrf2401.c:188:2: error: too many arguments to function 'NRF_ReadRegister'
  188 |  NRF_ReadRegister(NRF24_CMD_R_RX_PAYLOAD, data);
      |  ^~~~~~~~~~~~~~~~
../Core/Src/nrf2401.c:51:9: note: declared here
   51 | uint8_t NRF_ReadRegister(uint8_t reg)
      |         ^~~~~~~~~~~~~~~~
../Core/Src/nrf2401.c: In function 'NRF_Config':
../Core/Src/nrf2401.c:207:2: warning: implicit declaration of function 'NRF_SetAddress'; did you mean 'NRF_SetAddressWidth'? [-Wimplicit-function-declaration]
  207 |  NRF_SetAddress();
      |  ^~~~~~~~~~~~~~
      |  NRF_SetAddressWidth
../Core/Src/nrf2401.c: In function 'NRF_process':
../Core/Src/nrf2401.c:245:31: warning: passing argument 2 of 'HAL_UART_Transmit' from incompatible pointer type [-Wincompatible-pointer-types]
  245 |    HAL_UART_Transmit(&huart2, &a, sizeof(rx_buffer), 1000);
      |                               ^~
      |                               |
      |                               char (*)[8]
In file included from ../Core/Inc/stm32f1xx_hal_conf.h:338,
                 from ../Drivers/STM32F1xx_HAL_Driver/Inc/stm32f1xx_hal.h:30,
                 from ../Core/Inc/main.h:30,
                 from ../Core/Src/nrf2401.c:8:
../Drivers/STM32F1xx_HAL_Driver/Inc/stm32f1xx_hal_uart.h:725:73: note: expected 'uint8_t *' {aka 'unsigned char *'} but argument is of type 'char (*)[8]'
  725 | HAL_StatusTypeDef HAL_UART_Transmit(UART_HandleTypeDef *huart, uint8_t *pData, uint16_t Size, uint32_t Timeout);
      |                                                                ~~~~~~~~~^~~~~
make: *** [Core/Src/subdir.mk:46: Core/Src/nrf2401.o] Error 1
"make -j12 all" terminated with exit code 2. Build might be incomplete.
18:55:56 **** Incremental Build of configuration Debug for project NRF2401_Receiver ****
make -j12 all 
arm-none-eabi-gcc "../Core/Src/nrf2401.c" -mcpu=cortex-m3 -std=gnu11 -g3 -DDEBUG -DUSE_HAL_DRIVER -DSTM32F103xB -c -I../Core/Inc -I../Drivers/STM32F1xx_HAL_Driver/Inc -I../Drivers/STM32F1xx_HAL_Driver/Inc/Legacy -I../Drivers/CMSIS/Device/ST/STM32F1xx/Include -I../Drivers/CMSIS/Include -O0 -ffunction-sections -fdata-sections -Wall -fstack-usage -MMD -MP -MF"Core/Src/nrf2401.d" -MT"Core/Src/nrf2401.o" --specs=nano.specs -mfloat-abi=soft -mthumb -o "Core/Src/nrf2401.o"
../Core/Src/nrf2401.c: In function 'NRF_RXPayload':
../Core/Src/nrf2401.c:188:2: error: too many arguments to function 'NRF_ReadRegister'
  188 |  NRF_ReadRegister(NRF24_CMD_R_RX_PAYLOAD, data);
      |  ^~~~~~~~~~~~~~~~
../Core/Src/nrf2401.c:51:9: note: declared here
   51 | uint8_t NRF_ReadRegister(uint8_t reg)
      |         ^~~~~~~~~~~~~~~~
../Core/Src/nrf2401.c: In function 'NRF_Config':
../Core/Src/nrf2401.c:207:2: warning: implicit declaration of function 'NRF_SetAddress'; did you mean 'NRF_SetAddressWidth'? [-Wimplicit-function-declaration]
  207 |  NRF_SetAddress();
      |  ^~~~~~~~~~~~~~
      |  NRF_SetAddressWidth
../Core/Src/nrf2401.c: In function 'NRF_process':
../Core/Src/nrf2401.c:245:31: warning: passing argument 2 of 'HAL_UART_Transmit' from incompatible pointer type [-Wincompatible-pointer-types]
  245 |    HAL_UART_Transmit(&huart2, &a, sizeof(rx_buffer), 1000);
      |                               ^~
      |                               |
      |                               char (*)[8]
In file included from ../Core/Inc/stm32f1xx_hal_conf.h:338,
                 from ../Drivers/STM32F1xx_HAL_Driver/Inc/stm32f1xx_hal.h:30,
                 from ../Core/Inc/main.h:30,
                 from ../Core/Src/nrf2401.c:8:
../Drivers/STM32F1xx_HAL_Driver/Inc/stm32f1xx_hal_uart.h:725:73: note: expected 'uint8_t *' {aka 'unsigned char *'} but argument is of type 'char (*)[8]'
  725 | HAL_StatusTypeDef HAL_UART_Transmit(UART_HandleTypeDef *huart, uint8_t *pData, uint16_t Size, uint32_t Timeout);
      |                                                                ~~~~~~~~~^~~~~
make: *** [Core/Src/subdir.mk:46: Core/Src/nrf2401.o] Error 1
"make -j12 all" terminated with exit code 2. Build might be incomplete.
18:57:37 **** Incremental Build of configuration Debug for project NRF2401_Receiver ****
make -j12 all 
arm-none-eabi-gcc "../Core/Src/nrf2401.c" -mcpu=cortex-m3 -std=gnu11 -g3 -DDEBUG -DUSE_HAL_DRIVER -DSTM32F103xB -c -I../Core/Inc -I../Drivers/STM32F1xx_HAL_Driver/Inc -I../Drivers/STM32F1xx_HAL_Driver/Inc/Legacy -I../Drivers/CMSIS/Device/ST/STM32F1xx/Include -I../Drivers/CMSIS/Include -O0 -ffunction-sections -fdata-sections -Wall -fstack-usage -MMD -MP -MF"Core/Src/nrf2401.d" -MT"Core/Src/nrf2401.o" --specs=nano.specs -mfloat-abi=soft -mthumb -o "Core/Src/nrf2401.o"
../Core/Src/nrf2401.c: In function 'NRF_process':
../Core/Src/nrf2401.c:244:31: warning: passing argument 2 of 'HAL_UART_Transmit' from incompatible pointer type [-Wincompatible-pointer-types]
  244 |    HAL_UART_Transmit(&huart2, &a, sizeof(rx_buffer), 1000);
      |                               ^~
      |                               |
      |                               char (*)[8]
In file included from ../Core/Inc/stm32f1xx_hal_conf.h:338,
                 from ../Drivers/STM32F1xx_HAL_Driver/Inc/stm32f1xx_hal.h:30,
                 from ../Core/Inc/main.h:30,
                 from ../Core/Src/nrf2401.c:8:
../Drivers/STM32F1xx_HAL_Driver/Inc/stm32f1xx_hal_uart.h:725:73: note: expected 'uint8_t *' {aka 'unsigned char *'} but argument is of type 'char (*)[8]'
  725 | HAL_StatusTypeDef HAL_UART_Transmit(UART_HandleTypeDef *huart, uint8_t *pData, uint16_t Size, uint32_t Timeout);
      |                                                                ~~~~~~~~~^~~~~
arm-none-eabi-gcc -o "NRF2401_Receiver.elf" @"objects.list"   -mcpu=cortex-m3 -T"C:\Users\stasz\Documents\NRF2401 RC Car\NRF2401_Receiver\STM32F103RBTX_FLASH.ld" --specs=nosys.specs -Wl,-Map="NRF2401_Receiver.map" -Wl,--gc-sections -static --specs=nano.specs -mfloat-abi=soft -mthumb -Wl,--start-group -lc -lm -Wl,--end-group
Finished building target: NRF2401_Receiver.elf
 
arm-none-eabi-size   NRF2401_Receiver.elf 
arm-none-eabi-objdump -h -S  NRF2401_Receiver.elf  > "NRF2401_Receiver.list"
   text	   data	    bss	    dec	    hex	filename
  10380	     20	   1740	  12140	   2f6c	NRF2401_Receiver.elf
Finished building: default.size.stdout
 
Finished building: NRF2401_Receiver.list
 
18:57:52 **** Incremental Build of configuration Debug for project NRF2401_Receiver ****
make -j12 all 
arm-none-eabi-gcc "../Core/Src/nrf2401.c" -mcpu=cortex-m3 -std=gnu11 -g3 -DDEBUG -DUSE_HAL_DRIVER -DSTM32F103xB -c -I../Core/Inc -I../Drivers/STM32F1xx_HAL_Driver/Inc -I../Drivers/STM32F1xx_HAL_Driver/Inc/Legacy -I../Drivers/CMSIS/Device/ST/STM32F1xx/Include -I../Drivers/CMSIS/Include -O0 -ffunction-sections -fdata-sections -Wall -fstack-usage -MMD -MP -MF"Core/Src/nrf2401.d" -MT"Core/Src/nrf2401.o" --specs=nano.specs -mfloat-abi=soft -mthumb -o "Core/Src/nrf2401.o"
../Core/Src/nrf2401.c: In function 'NRF_process':
../Core/Src/nrf2401.c:244:31: warning: passing argument 2 of 'HAL_UART_Transmit' from incompatible pointer type [-Wincompatible-pointer-types]
  244 |    HAL_UART_Transmit(&huart2, &a, sizeof(a), 1000);
      |                               ^~
      |                               |
      |                               char (*)[8]
In file included from ../Core/Inc/stm32f1xx_hal_conf.h:338,
                 from ../Drivers/STM32F1xx_HAL_Driver/Inc/stm32f1xx_hal.h:30,
                 from ../Core/Inc/main.h:30,
                 from ../Core/Src/nrf2401.c:8:
../Drivers/STM32F1xx_HAL_Driver/Inc/stm32f1xx_hal_uart.h:725:73: note: expected 'uint8_t *' {aka 'unsigned char *'} but argument is of type 'char (*)[8]'
  725 | HAL_StatusTypeDef HAL_UART_Transmit(UART_HandleTypeDef *huart, uint8_t *pData, uint16_t Size, uint32_t Timeout);
      |                                                                ~~~~~~~~~^~~~~
arm-none-eabi-gcc -o "NRF2401_Receiver.elf" @"objects.list"   -mcpu=cortex-m3 -T"C:\Users\stasz\Documents\NRF2401 RC Car\NRF2401_Receiver\STM32F103RBTX_FLASH.ld" --specs=nosys.specs -Wl,-Map="NRF2401_Receiver.map" -Wl,--gc-sections -static --specs=nano.specs -mfloat-abi=soft -mthumb -Wl,--start-group -lc -lm -Wl,--end-group
Finished building target: NRF2401_Receiver.elf
 
arm-none-eabi-size   NRF2401_Receiver.elf 
arm-none-eabi-objdump -h -S  NRF2401_Receiver.elf  > "NRF2401_Receiver.list"
   text	   data	    bss	    dec	    hex	filename
  10380	     20	   1740	  12140	   2f6c	NRF2401_Receiver.elf
Finished building: default.size.stdout
 
Finished building: NRF2401_Receiver.list
 
18:57:57 **** Incremental Build of configuration Debug for project NRF2401_Receiver ****
make -j12 all 
arm-none-eabi-gcc "../Core/Src/nrf2401.c" -mcpu=cortex-m3 -std=gnu11 -g3 -DDEBUG -DUSE_HAL_DRIVER -DSTM32F103xB -c -I../Core/Inc -I../Drivers/STM32F1xx_HAL_Driver/Inc -I../Drivers/STM32F1xx_HAL_Driver/Inc/Legacy -I../Drivers/CMSIS/Device/ST/STM32F1xx/Include -I../Drivers/CMSIS/Include -O0 -ffunction-sections -fdata-sections -Wall -fstack-usage -MMD -MP -MF"Core/Src/nrf2401.d" -MT"Core/Src/nrf2401.o" --specs=nano.specs -mfloat-abi=soft -mthumb -o "Core/Src/nrf2401.o"
../Core/Src/nrf2401.c: In function 'NRF_process':
../Core/Src/nrf2401.c:244:31: warning: pointer targets in passing argument 2 of 'HAL_UART_Transmit' differ in signedness [-Wpointer-sign]
  244 |    HAL_UART_Transmit(&huart2, a, sizeof(a), 1000);
      |                               ^
      |                               |
      |                               char *
In file included from ../Core/Inc/stm32f1xx_hal_conf.h:338,
                 from ../Drivers/STM32F1xx_HAL_Driver/Inc/stm32f1xx_hal.h:30,
                 from ../Core/Inc/main.h:30,
                 from ../Core/Src/nrf2401.c:8:
../Drivers/STM32F1xx_HAL_Driver/Inc/stm32f1xx_hal_uart.h:725:73: note: expected 'uint8_t *' {aka 'unsigned char *'} but argument is of type 'char *'
  725 | HAL_StatusTypeDef HAL_UART_Transmit(UART_HandleTypeDef *huart, uint8_t *pData, uint16_t Size, uint32_t Timeout);
      |                                                                ~~~~~~~~~^~~~~
arm-none-eabi-gcc -o "NRF2401_Receiver.elf" @"objects.list"   -mcpu=cortex-m3 -T"C:\Users\stasz\Documents\NRF2401 RC Car\NRF2401_Receiver\STM32F103RBTX_FLASH.ld" --specs=nosys.specs -Wl,-Map="NRF2401_Receiver.map" -Wl,--gc-sections -static --specs=nano.specs -mfloat-abi=soft -mthumb -Wl,--start-group -lc -lm -Wl,--end-group
Finished building target: NRF2401_Receiver.elf
 
arm-none-eabi-size   NRF2401_Receiver.elf 
arm-none-eabi-objdump -h -S  NRF2401_Receiver.elf  > "NRF2401_Receiver.list"
   text	   data	    bss	    dec	    hex	filename
  10380	     20	   1740	  12140	   2f6c	NRF2401_Receiver.elf
Finished building: default.size.stdout
 
Finished building: NRF2401_Receiver.list
 
18:58:09 **** Incremental Build of configuration Debug for project NRF2401_Receiver ****
make -j12 all 
arm-none-eabi-gcc "../Core/Src/nrf2401.c" -mcpu=cortex-m3 -std=gnu11 -g3 -DDEBUG -DUSE_HAL_DRIVER -DSTM32F103xB -c -I../Core/Inc -I../Drivers/STM32F1xx_HAL_Driver/Inc -I../Drivers/STM32F1xx_HAL_Driver/Inc/Legacy -I../Drivers/CMSIS/Device/ST/STM32F1xx/Include -I../Drivers/CMSIS/Include -O0 -ffunction-sections -fdata-sections -Wall -fstack-usage -MMD -MP -MF"Core/Src/nrf2401.d" -MT"Core/Src/nrf2401.o" --specs=nano.specs -mfloat-abi=soft -mthumb -o "Core/Src/nrf2401.o"
../Core/Src/nrf2401.c: In function 'NRF_process':
../Core/Src/nrf2401.c:244:31: warning: pointer targets in passing argument 2 of 'HAL_UART_Transmit' differ in signedness [-Wpointer-sign]
  244 |    HAL_UART_Transmit(&huart2, a, sizeof(a), 1000);
      |                               ^
      |                               |
      |                               char *
In file included from ../Core/Inc/stm32f1xx_hal_conf.h:338,
                 from ../Drivers/STM32F1xx_HAL_Driver/Inc/stm32f1xx_hal.h:30,
                 from ../Core/Inc/main.h:30,
                 from ../Core/Src/nrf2401.c:8:
../Drivers/STM32F1xx_HAL_Driver/Inc/stm32f1xx_hal_uart.h:725:73: note: expected 'uint8_t *' {aka 'unsigned char *'} but argument is of type 'char *'
  725 | HAL_StatusTypeDef HAL_UART_Transmit(UART_HandleTypeDef *huart, uint8_t *pData, uint16_t Size, uint32_t Timeout);
      |                                                                ~~~~~~~~~^~~~~
arm-none-eabi-gcc -o "NRF2401_Receiver.elf" @"objects.list"   -mcpu=cortex-m3 -T"C:\Users\stasz\Documents\NRF2401 RC Car\NRF2401_Receiver\STM32F103RBTX_FLASH.ld" --specs=nosys.specs -Wl,-Map="NRF2401_Receiver.map" -Wl,--gc-sections -static --specs=nano.specs -mfloat-abi=soft -mthumb -Wl,--start-group -lc -lm -Wl,--end-group
Finished building target: NRF2401_Receiver.elf
 
arm-none-eabi-size   NRF2401_Receiver.elf 
arm-none-eabi-objdump -h -S  NRF2401_Receiver.elf  > "NRF2401_Receiver.list"
   text	   data	    bss	    dec	    hex	filename
  10388	     20	   1740	  12148	   2f74	NRF2401_Receiver.elf
Finished building: default.size.stdout
 
Finished building: NRF2401_Receiver.list
 
18:58:24 **** Incremental Build of configuration Debug for project NRF2401_Receiver ****
make -j12 all 
arm-none-eabi-gcc "../Core/Src/nrf2401.c" -mcpu=cortex-m3 -std=gnu11 -g3 -DDEBUG -DUSE_HAL_DRIVER -DSTM32F103xB -c -I../Core/Inc -I../Drivers/STM32F1xx_HAL_Driver/Inc -I../Drivers/STM32F1xx_HAL_Driver/Inc/Legacy -I../Drivers/CMSIS/Device/ST/STM32F1xx/Include -I../Drivers/CMSIS/Include -O0 -ffunction-sections -fdata-sections -Wall -fstack-usage -MMD -MP -MF"Core/Src/nrf2401.d" -MT"Core/Src/nrf2401.o" --specs=nano.specs -mfloat-abi=soft -mthumb -o "Core/Src/nrf2401.o"
arm-none-eabi-gcc -o "NRF2401_Receiver.elf" @"objects.list"   -mcpu=cortex-m3 -T"C:\Users\stasz\Documents\NRF2401 RC Car\NRF2401_Receiver\STM32F103RBTX_FLASH.ld" --specs=nosys.specs -Wl,-Map="NRF2401_Receiver.map" -Wl,--gc-sections -static --specs=nano.specs -mfloat-abi=soft -mthumb -Wl,--start-group -lc -lm -Wl,--end-group
Finished building target: NRF2401_Receiver.elf
 
arm-none-eabi-size   NRF2401_Receiver.elf 
arm-none-eabi-objdump -h -S  NRF2401_Receiver.elf  > "NRF2401_Receiver.list"
   text	   data	    bss	    dec	    hex	filename
  10388	     20	   1740	  12148	   2f74	NRF2401_Receiver.elf
Finished building: default.size.stdout
 
Finished building: NRF2401_Receiver.list
 
18:59:05 **** Incremental Build of configuration Debug for project NRF2401_Receiver ****
make -j12 all 
arm-none-eabi-size   NRF2401_Receiver.elf 
   text	   data	    bss	    dec	    hex	filename
  10388	     20	   1740	  12148	   2f74	NRF2401_Receiver.elf
Finished building: default.size.stdout
 
18:59:44 **** Incremental Build of configuration Debug for project NRF2401_Receiver ****
make -j12 all 
arm-none-eabi-size   NRF2401_Receiver.elf 
   text	   data	    bss	    dec	    hex	filename
  10388	     20	   1740	  12148	   2f74	NRF2401_Receiver.elf
Finished building: default.size.stdout
 
19:00:08 **** Incremental Build of configuration Debug for project NRF2401_Receiver ****
make -j12 all 
arm-none-eabi-size   NRF2401_Receiver.elf 
   text	   data	    bss	    dec	    hex	filename
  10388	     20	   1740	  12148	   2f74	NRF2401_Receiver.elf
Finished building: default.size.stdout
 
19:01:27 **** Incremental Build of configuration Debug for project NRF2401_Receiver ****
make -j12 all 
arm-none-eabi-size   NRF2401_Receiver.elf 
   text	   data	    bss	    dec	    hex	filename
  10388	     20	   1740	  12148	   2f74	NRF2401_Receiver.elf
Finished building: default.size.stdout
 
19:02:23 **** Clean-only build of configuration Debug for project NRF2401_Transmitter ****
make -j12 clean 
rm -rf ./Drivers/STM32F4xx_HAL_Driver/Src/stm32f4xx_hal.d ./Drivers/STM32F4xx_HAL_Driver/Src/stm32f4xx_hal.o ./Drivers/STM32F4xx_HAL_Driver/Src/stm32f4xx_hal.su ./Drivers/STM32F4xx_HAL_Driver/Src/stm32f4xx_hal_cortex.d ./Drivers/STM32F4xx_HAL_Driver/Src/stm32f4xx_hal_cortex.o ./Drivers/STM32F4xx_HAL_Driver/Src/stm32f4xx_hal_cortex.su ./Drivers/STM32F4xx_HAL_Driver/Src/stm32f4xx_hal_dma.d ./Drivers/STM32F4xx_HAL_Driver/Src/stm32f4xx_hal_dma.o ./Drivers/STM32F4xx_HAL_Driver/Src/stm32f4xx_hal_dma.su ./Drivers/STM32F4xx_HAL_Driver/Src/stm32f4xx_hal_dma_ex.d ./Drivers/STM32F4xx_HAL_Driver/Src/stm32f4xx_hal_dma_ex.o ./Drivers/STM32F4xx_HAL_Driver/Src/stm32f4xx_hal_dma_ex.su ./Drivers/STM32F4xx_HAL_Driver/Src/stm32f4xx_hal_exti.d ./Drivers/STM32F4xx_HAL_Driver/Src/stm32f4xx_hal_exti.o ./Drivers/STM32F4xx_HAL_Driver/Src/stm32f4xx_hal_exti.su ./Drivers/STM32F4xx_HAL_Driver/Src/stm32f4xx_hal_flash.d ./Drivers/STM32F4xx_HAL_Driver/Src/stm32f4xx_hal_flash.o ./Drivers/STM32F4xx_HAL_Driver/Src/stm32f4xx_hal_flash.su ./Drivers/STM32F4xx_HAL_Driver/Src/stm32f4xx_hal_flash_ex.d ./Drivers/STM32F4xx_HAL_Driver/Src/stm32f4xx_hal_flash_ex.o ./Drivers/STM32F4xx_HAL_Driver/Src/stm32f4xx_hal_flash_ex.su ./Drivers/STM32F4xx_HAL_Driver/Src/stm32f4xx_hal_flash_ramfunc.d ./Drivers/STM32F4xx_HAL_Driver/Src/stm32f4xx_hal_flash_ramfunc.o ./Drivers/STM32F4xx_HAL_Driver/Src/stm32f4xx_hal_flash_ramfunc.su ./Drivers/STM32F4xx_HAL_Driver/Src/stm32f4xx_hal_gpio.d ./Drivers/STM32F4xx_HAL_Driver/Src/stm32f4xx_hal_gpio.o ./Drivers/STM32F4xx_HAL_Driver/Src/stm32f4xx_hal_gpio.su ./Drivers/STM32F4xx_HAL_Driver/Src/stm32f4xx_hal_pwr.d ./Drivers/STM32F4xx_HAL_Driver/Src/stm32f4xx_hal_pwr.o ./Drivers/STM32F4xx_HAL_Driver/Src/stm32f4xx_hal_pwr.su ./Drivers/STM32F4xx_HAL_Driver/Src/stm32f4xx_hal_pwr_ex.d ./Drivers/STM32F4xx_HAL_Driver/Src/stm32f4xx_hal_pwr_ex.o ./Drivers/STM32F4xx_HAL_Driver/Src/stm32f4xx_hal_pwr_ex.su ./Drivers/STM32F4xx_HAL_Driver/Src/stm32f4xx_hal_rcc.d ./Drivers/STM32F4xx_HAL_Driver/Src/stm32f4xx_hal_rcc.o ./Drivers/STM32F4xx_HAL_Driver/Src/stm32f4xx_hal_rcc.su ./Drivers/STM32F4xx_HAL_Driver/Src/stm32f4xx_hal_rcc_ex.d ./Drivers/STM32F4xx_HAL_Driver/Src/stm32f4xx_hal_rcc_ex.o ./Drivers/STM32F4xx_HAL_Driver/Src/stm32f4xx_hal_rcc_ex.su ./Drivers/STM32F4xx_HAL_Driver/Src/stm32f4xx_hal_spi.d ./Drivers/STM32F4xx_HAL_Driver/Src/stm32f4xx_hal_spi.o ./Drivers/STM32F4xx_HAL_Driver/Src/stm32f4xx_hal_spi.su ./Drivers/STM32F4xx_HAL_Driver/Src/stm32f4xx_hal_tim.d ./Drivers/STM32F4xx_HAL_Driver/Src/stm32f4xx_hal_tim.o ./Drivers/STM32F4xx_HAL_Driver/Src/stm32f4xx_hal_tim.su ./Drivers/STM32F4xx_HAL_Driver/Src/stm32f4xx_hal_tim_ex.d ./Drivers/STM32F4xx_HAL_Driver/Src/stm32f4xx_hal_tim_ex.o ./Drivers/STM32F4xx_HAL_Driver/Src/stm32f4xx_hal_tim_ex.su ./Drivers/STM32F4xx_HAL_Driver/Src/stm32f4xx_hal_uart.d ./Drivers/STM32F4xx_HAL_Driver/Src/stm32f4xx_hal_uart.o ./Drivers/STM32F4xx_HAL_Driver/Src/stm32f4xx_hal_uart.su
rm -rf ./Core/Startup/startup_stm32f411retx.d ./Core/Startup/startup_stm32f411retx.o
rm -rf ./Core/Src/gpio.d ./Core/Src/gpio.o ./Core/Src/gpio.su ./Core/Src/main.d ./Core/Src/main.o ./Core/Src/main.su ./Core/Src/nrf2401.d ./Core/Src/nrf2401.o ./Core/Src/nrf2401.su ./Core/Src/spi.d ./Core/Src/spi.o ./Core/Src/spi.su ./Core/Src/stm32f4xx_hal_msp.d ./Core/Src/stm32f4xx_hal_msp.o ./Core/Src/stm32f4xx_hal_msp.su ./Core/Src/stm32f4xx_it.d ./Core/Src/stm32f4xx_it.o ./Core/Src/stm32f4xx_it.su ./Core/Src/syscalls.d ./Core/Src/syscalls.o ./Core/Src/syscalls.su ./Core/Src/sysmem.d ./Core/Src/sysmem.o ./Core/Src/sysmem.su ./Core/Src/system_stm32f4xx.d ./Core/Src/system_stm32f4xx.o ./Core/Src/system_stm32f4xx.su ./Core/Src/usart.d ./Core/Src/usart.o ./Core/Src/usart.su
rm -rf NRF2401_Transmitter.elf NRF2401_Transmitter.list NRF2401_Transmitter.map default.size.stdout
 
19:02:23 **** Build of configuration Debug for project NRF2401_Transmitter ****
make -j12 all 
arm-none-eabi-gcc "../Drivers/STM32F4xx_HAL_Driver/Src/stm32f4xx_hal.c" -mcpu=cortex-m4 -std=gnu11 -g3 -DDEBUG -DUSE_HAL_DRIVER -DSTM32F411xE -c -I../Core/Inc -I../Drivers/STM32F4xx_HAL_Driver/Inc -I../Drivers/STM32F4xx_HAL_Driver/Inc/Legacy -I../Drivers/CMSIS/Device/ST/STM32F4xx/Include -I../Drivers/CMSIS/Include -O0 -ffunction-sections -fdata-sections -Wall -fstack-usage -MMD -MP -MF"Drivers/STM32F4xx_HAL_Driver/Src/stm32f4xx_hal.d" -MT"Drivers/STM32F4xx_HAL_Driver/Src/stm32f4xx_hal.o" --specs=nano.specs -mfpu=fpv4-sp-d16 -mfloat-abi=hard -mthumb -o "Drivers/STM32F4xx_HAL_Driver/Src/stm32f4xx_hal.o"
arm-none-eabi-gcc "../Drivers/STM32F4xx_HAL_Driver/Src/stm32f4xx_hal_cortex.c" -mcpu=cortex-m4 -std=gnu11 -g3 -DDEBUG -DUSE_HAL_DRIVER -DSTM32F411xE -c -I../Core/Inc -I../Drivers/STM32F4xx_HAL_Driver/Inc -I../Drivers/STM32F4xx_HAL_Driver/Inc/Legacy -I../Drivers/CMSIS/Device/ST/STM32F4xx/Include -I../Drivers/CMSIS/Include -O0 -ffunction-sections -fdata-sections -Wall -fstack-usage -MMD -MP -MF"Drivers/STM32F4xx_HAL_Driver/Src/stm32f4xx_hal_cortex.d" -MT"Drivers/STM32F4xx_HAL_Driver/Src/stm32f4xx_hal_cortex.o" --specs=nano.specs -mfpu=fpv4-sp-d16 -mfloat-abi=hard -mthumb -o "Drivers/STM32F4xx_HAL_Driver/Src/stm32f4xx_hal_cortex.o"
arm-none-eabi-gcc "../Drivers/STM32F4xx_HAL_Driver/Src/stm32f4xx_hal_dma.c" -mcpu=cortex-m4 -std=gnu11 -g3 -DDEBUG -DUSE_HAL_DRIVER -DSTM32F411xE -c -I../Core/Inc -I../Drivers/STM32F4xx_HAL_Driver/Inc -I../Drivers/STM32F4xx_HAL_Driver/Inc/Legacy -I../Drivers/CMSIS/Device/ST/STM32F4xx/Include -I../Drivers/CMSIS/Include -O0 -ffunction-sections -fdata-sections -Wall -fstack-usage -MMD -MP -MF"Drivers/STM32F4xx_HAL_Driver/Src/stm32f4xx_hal_dma.d" -MT"Drivers/STM32F4xx_HAL_Driver/Src/stm32f4xx_hal_dma.o" --specs=nano.specs -mfpu=fpv4-sp-d16 -mfloat-abi=hard -mthumb -o "Drivers/STM32F4xx_HAL_Driver/Src/stm32f4xx_hal_dma.o"
arm-none-eabi-gcc "../Drivers/STM32F4xx_HAL_Driver/Src/stm32f4xx_hal_dma_ex.c" -mcpu=cortex-m4 -std=gnu11 -g3 -DDEBUG -DUSE_HAL_DRIVER -DSTM32F411xE -c -I../Core/Inc -I../Drivers/STM32F4xx_HAL_Driver/Inc -I../Drivers/STM32F4xx_HAL_Driver/Inc/Legacy -I../Drivers/CMSIS/Device/ST/STM32F4xx/Include -I../Drivers/CMSIS/Include -O0 -ffunction-sections -fdata-sections -Wall -fstack-usage -MMD -MP -MF"Drivers/STM32F4xx_HAL_Driver/Src/stm32f4xx_hal_dma_ex.d" -MT"Drivers/STM32F4xx_HAL_Driver/Src/stm32f4xx_hal_dma_ex.o" --specs=nano.specs -mfpu=fpv4-sp-d16 -mfloat-abi=hard -mthumb -o "Drivers/STM32F4xx_HAL_Driver/Src/stm32f4xx_hal_dma_ex.o"
arm-none-eabi-gcc "../Drivers/STM32F4xx_HAL_Driver/Src/stm32f4xx_hal_exti.c" -mcpu=cortex-m4 -std=gnu11 -g3 -DDEBUG -DUSE_HAL_DRIVER -DSTM32F411xE -c -I../Core/Inc -I../Drivers/STM32F4xx_HAL_Driver/Inc -I../Drivers/STM32F4xx_HAL_Driver/Inc/Legacy -I../Drivers/CMSIS/Device/ST/STM32F4xx/Include -I../Drivers/CMSIS/Include -O0 -ffunction-sections -fdata-sections -Wall -fstack-usage -MMD -MP -MF"Drivers/STM32F4xx_HAL_Driver/Src/stm32f4xx_hal_exti.d" -MT"Drivers/STM32F4xx_HAL_Driver/Src/stm32f4xx_hal_exti.o" --specs=nano.specs -mfpu=fpv4-sp-d16 -mfloat-abi=hard -mthumb -o "Drivers/STM32F4xx_HAL_Driver/Src/stm32f4xx_hal_exti.o"
arm-none-eabi-gcc "../Drivers/STM32F4xx_HAL_Driver/Src/stm32f4xx_hal_flash.c" -mcpu=cortex-m4 -std=gnu11 -g3 -DDEBUG -DUSE_HAL_DRIVER -DSTM32F411xE -c -I../Core/Inc -I../Drivers/STM32F4xx_HAL_Driver/Inc -I../Drivers/STM32F4xx_HAL_Driver/Inc/Legacy -I../Drivers/CMSIS/Device/ST/STM32F4xx/Include -I../Drivers/CMSIS/Include -O0 -ffunction-sections -fdata-sections -Wall -fstack-usage -MMD -MP -MF"Drivers/STM32F4xx_HAL_Driver/Src/stm32f4xx_hal_flash.d" -MT"Drivers/STM32F4xx_HAL_Driver/Src/stm32f4xx_hal_flash.o" --specs=nano.specs -mfpu=fpv4-sp-d16 -mfloat-abi=hard -mthumb -o "Drivers/STM32F4xx_HAL_Driver/Src/stm32f4xx_hal_flash.o"
arm-none-eabi-gcc "../Drivers/STM32F4xx_HAL_Driver/Src/stm32f4xx_hal_flash_ex.c" -mcpu=cortex-m4 -std=gnu11 -g3 -DDEBUG -DUSE_HAL_DRIVER -DSTM32F411xE -c -I../Core/Inc -I../Drivers/STM32F4xx_HAL_Driver/Inc -I../Drivers/STM32F4xx_HAL_Driver/Inc/Legacy -I../Drivers/CMSIS/Device/ST/STM32F4xx/Include -I../Drivers/CMSIS/Include -O0 -ffunction-sections -fdata-sections -Wall -fstack-usage -MMD -MP -MF"Drivers/STM32F4xx_HAL_Driver/Src/stm32f4xx_hal_flash_ex.d" -MT"Drivers/STM32F4xx_HAL_Driver/Src/stm32f4xx_hal_flash_ex.o" --specs=nano.specs -mfpu=fpv4-sp-d16 -mfloat-abi=hard -mthumb -o "Drivers/STM32F4xx_HAL_Driver/Src/stm32f4xx_hal_flash_ex.o"
arm-none-eabi-gcc "../Drivers/STM32F4xx_HAL_Driver/Src/stm32f4xx_hal_flash_ramfunc.c" -mcpu=cortex-m4 -std=gnu11 -g3 -DDEBUG -DUSE_HAL_DRIVER -DSTM32F411xE -c -I../Core/Inc -I../Drivers/STM32F4xx_HAL_Driver/Inc -I../Drivers/STM32F4xx_HAL_Driver/Inc/Legacy -I../Drivers/CMSIS/Device/ST/STM32F4xx/Include -I../Drivers/CMSIS/Include -O0 -ffunction-sections -fdata-sections -Wall -fstack-usage -MMD -MP -MF"Drivers/STM32F4xx_HAL_Driver/Src/stm32f4xx_hal_flash_ramfunc.d" -MT"Drivers/STM32F4xx_HAL_Driver/Src/stm32f4xx_hal_flash_ramfunc.o" --specs=nano.specs -mfpu=fpv4-sp-d16 -mfloat-abi=hard -mthumb -o "Drivers/STM32F4xx_HAL_Driver/Src/stm32f4xx_hal_flash_ramfunc.o"
arm-none-eabi-gcc "../Drivers/STM32F4xx_HAL_Driver/Src/stm32f4xx_hal_gpio.c" -mcpu=cortex-m4 -std=gnu11 -g3 -DDEBUG -DUSE_HAL_DRIVER -DSTM32F411xE -c -I../Core/Inc -I../Drivers/STM32F4xx_HAL_Driver/Inc -I../Drivers/STM32F4xx_HAL_Driver/Inc/Legacy -I../Drivers/CMSIS/Device/ST/STM32F4xx/Include -I../Drivers/CMSIS/Include -O0 -ffunction-sections -fdata-sections -Wall -fstack-usage -MMD -MP -MF"Drivers/STM32F4xx_HAL_Driver/Src/stm32f4xx_hal_gpio.d" -MT"Drivers/STM32F4xx_HAL_Driver/Src/stm32f4xx_hal_gpio.o" --specs=nano.specs -mfpu=fpv4-sp-d16 -mfloat-abi=hard -mthumb -o "Drivers/STM32F4xx_HAL_Driver/Src/stm32f4xx_hal_gpio.o"
arm-none-eabi-gcc "../Drivers/STM32F4xx_HAL_Driver/Src/stm32f4xx_hal_pwr.c" -mcpu=cortex-m4 -std=gnu11 -g3 -DDEBUG -DUSE_HAL_DRIVER -DSTM32F411xE -c -I../Core/Inc -I../Drivers/STM32F4xx_HAL_Driver/Inc -I../Drivers/STM32F4xx_HAL_Driver/Inc/Legacy -I../Drivers/CMSIS/Device/ST/STM32F4xx/Include -I../Drivers/CMSIS/Include -O0 -ffunction-sections -fdata-sections -Wall -fstack-usage -MMD -MP -MF"Drivers/STM32F4xx_HAL_Driver/Src/stm32f4xx_hal_pwr.d" -MT"Drivers/STM32F4xx_HAL_Driver/Src/stm32f4xx_hal_pwr.o" --specs=nano.specs -mfpu=fpv4-sp-d16 -mfloat-abi=hard -mthumb -o "Drivers/STM32F4xx_HAL_Driver/Src/stm32f4xx_hal_pwr.o"
arm-none-eabi-gcc "../Drivers/STM32F4xx_HAL_Driver/Src/stm32f4xx_hal_pwr_ex.c" -mcpu=cortex-m4 -std=gnu11 -g3 -DDEBUG -DUSE_HAL_DRIVER -DSTM32F411xE -c -I../Core/Inc -I../Drivers/STM32F4xx_HAL_Driver/Inc -I../Drivers/STM32F4xx_HAL_Driver/Inc/Legacy -I../Drivers/CMSIS/Device/ST/STM32F4xx/Include -I../Drivers/CMSIS/Include -O0 -ffunction-sections -fdata-sections -Wall -fstack-usage -MMD -MP -MF"Drivers/STM32F4xx_HAL_Driver/Src/stm32f4xx_hal_pwr_ex.d" -MT"Drivers/STM32F4xx_HAL_Driver/Src/stm32f4xx_hal_pwr_ex.o" --specs=nano.specs -mfpu=fpv4-sp-d16 -mfloat-abi=hard -mthumb -o "Drivers/STM32F4xx_HAL_Driver/Src/stm32f4xx_hal_pwr_ex.o"
arm-none-eabi-gcc "../Drivers/STM32F4xx_HAL_Driver/Src/stm32f4xx_hal_rcc.c" -mcpu=cortex-m4 -std=gnu11 -g3 -DDEBUG -DUSE_HAL_DRIVER -DSTM32F411xE -c -I../Core/Inc -I../Drivers/STM32F4xx_HAL_Driver/Inc -I../Drivers/STM32F4xx_HAL_Driver/Inc/Legacy -I../Drivers/CMSIS/Device/ST/STM32F4xx/Include -I../Drivers/CMSIS/Include -O0 -ffunction-sections -fdata-sections -Wall -fstack-usage -MMD -MP -MF"Drivers/STM32F4xx_HAL_Driver/Src/stm32f4xx_hal_rcc.d" -MT"Drivers/STM32F4xx_HAL_Driver/Src/stm32f4xx_hal_rcc.o" --specs=nano.specs -mfpu=fpv4-sp-d16 -mfloat-abi=hard -mthumb -o "Drivers/STM32F4xx_HAL_Driver/Src/stm32f4xx_hal_rcc.o"
arm-none-eabi-gcc "../Drivers/STM32F4xx_HAL_Driver/Src/stm32f4xx_hal_rcc_ex.c" -mcpu=cortex-m4 -std=gnu11 -g3 -DDEBUG -DUSE_HAL_DRIVER -DSTM32F411xE -c -I../Core/Inc -I../Drivers/STM32F4xx_HAL_Driver/Inc -I../Drivers/STM32F4xx_HAL_Driver/Inc/Legacy -I../Drivers/CMSIS/Device/ST/STM32F4xx/Include -I../Drivers/CMSIS/Include -O0 -ffunction-sections -fdata-sections -Wall -fstack-usage -MMD -MP -MF"Drivers/STM32F4xx_HAL_Driver/Src/stm32f4xx_hal_rcc_ex.d" -MT"Drivers/STM32F4xx_HAL_Driver/Src/stm32f4xx_hal_rcc_ex.o" --specs=nano.specs -mfpu=fpv4-sp-d16 -mfloat-abi=hard -mthumb -o "Drivers/STM32F4xx_HAL_Driver/Src/stm32f4xx_hal_rcc_ex.o"
arm-none-eabi-gcc "../Drivers/STM32F4xx_HAL_Driver/Src/stm32f4xx_hal_spi.c" -mcpu=cortex-m4 -std=gnu11 -g3 -DDEBUG -DUSE_HAL_DRIVER -DSTM32F411xE -c -I../Core/Inc -I../Drivers/STM32F4xx_HAL_Driver/Inc -I../Drivers/STM32F4xx_HAL_Driver/Inc/Legacy -I../Drivers/CMSIS/Device/ST/STM32F4xx/Include -I../Drivers/CMSIS/Include -O0 -ffunction-sections -fdata-sections -Wall -fstack-usage -MMD -MP -MF"Drivers/STM32F4xx_HAL_Driver/Src/stm32f4xx_hal_spi.d" -MT"Drivers/STM32F4xx_HAL_Driver/Src/stm32f4xx_hal_spi.o" --specs=nano.specs -mfpu=fpv4-sp-d16 -mfloat-abi=hard -mthumb -o "Drivers/STM32F4xx_HAL_Driver/Src/stm32f4xx_hal_spi.o"
arm-none-eabi-gcc "../Drivers/STM32F4xx_HAL_Driver/Src/stm32f4xx_hal_tim.c" -mcpu=cortex-m4 -std=gnu11 -g3 -DDEBUG -DUSE_HAL_DRIVER -DSTM32F411xE -c -I../Core/Inc -I../Drivers/STM32F4xx_HAL_Driver/Inc -I../Drivers/STM32F4xx_HAL_Driver/Inc/Legacy -I../Drivers/CMSIS/Device/ST/STM32F4xx/Include -I../Drivers/CMSIS/Include -O0 -ffunction-sections -fdata-sections -Wall -fstack-usage -MMD -MP -MF"Drivers/STM32F4xx_HAL_Driver/Src/stm32f4xx_hal_tim.d" -MT"Drivers/STM32F4xx_HAL_Driver/Src/stm32f4xx_hal_tim.o" --specs=nano.specs -mfpu=fpv4-sp-d16 -mfloat-abi=hard -mthumb -o "Drivers/STM32F4xx_HAL_Driver/Src/stm32f4xx_hal_tim.o"
arm-none-eabi-gcc "../Drivers/STM32F4xx_HAL_Driver/Src/stm32f4xx_hal_tim_ex.c" -mcpu=cortex-m4 -std=gnu11 -g3 -DDEBUG -DUSE_HAL_DRIVER -DSTM32F411xE -c -I../Core/Inc -I../Drivers/STM32F4xx_HAL_Driver/Inc -I../Drivers/STM32F4xx_HAL_Driver/Inc/Legacy -I../Drivers/CMSIS/Device/ST/STM32F4xx/Include -I../Drivers/CMSIS/Include -O0 -ffunction-sections -fdata-sections -Wall -fstack-usage -MMD -MP -MF"Drivers/STM32F4xx_HAL_Driver/Src/stm32f4xx_hal_tim_ex.d" -MT"Drivers/STM32F4xx_HAL_Driver/Src/stm32f4xx_hal_tim_ex.o" --specs=nano.specs -mfpu=fpv4-sp-d16 -mfloat-abi=hard -mthumb -o "Drivers/STM32F4xx_HAL_Driver/Src/stm32f4xx_hal_tim_ex.o"
arm-none-eabi-gcc "../Drivers/STM32F4xx_HAL_Driver/Src/stm32f4xx_hal_uart.c" -mcpu=cortex-m4 -std=gnu11 -g3 -DDEBUG -DUSE_HAL_DRIVER -DSTM32F411xE -c -I../Core/Inc -I../Drivers/STM32F4xx_HAL_Driver/Inc -I../Drivers/STM32F4xx_HAL_Driver/Inc/Legacy -I../Drivers/CMSIS/Device/ST/STM32F4xx/Include -I../Drivers/CMSIS/Include -O0 -ffunction-sections -fdata-sections -Wall -fstack-usage -MMD -MP -MF"Drivers/STM32F4xx_HAL_Driver/Src/stm32f4xx_hal_uart.d" -MT"Drivers/STM32F4xx_HAL_Driver/Src/stm32f4xx_hal_uart.o" --specs=nano.specs -mfpu=fpv4-sp-d16 -mfloat-abi=hard -mthumb -o "Drivers/STM32F4xx_HAL_Driver/Src/stm32f4xx_hal_uart.o"
arm-none-eabi-gcc -mcpu=cortex-m4 -g3 -DDEBUG -c -x assembler-with-cpp -MMD -MP -MF"Core/Startup/startup_stm32f411retx.d" -MT"Core/Startup/startup_stm32f411retx.o" --specs=nano.specs -mfpu=fpv4-sp-d16 -mfloat-abi=hard -mthumb -o "Core/Startup/startup_stm32f411retx.o" "../Core/Startup/startup_stm32f411retx.s"
arm-none-eabi-gcc "../Core/Src/gpio.c" -mcpu=cortex-m4 -std=gnu11 -g3 -DDEBUG -DUSE_HAL_DRIVER -DSTM32F411xE -c -I../Core/Inc -I../Drivers/STM32F4xx_HAL_Driver/Inc -I../Drivers/STM32F4xx_HAL_Driver/Inc/Legacy -I../Drivers/CMSIS/Device/ST/STM32F4xx/Include -I../Drivers/CMSIS/Include -O0 -ffunction-sections -fdata-sections -Wall -fstack-usage -MMD -MP -MF"Core/Src/gpio.d" -MT"Core/Src/gpio.o" --specs=nano.specs -mfpu=fpv4-sp-d16 -mfloat-abi=hard -mthumb -o "Core/Src/gpio.o"
arm-none-eabi-gcc "../Core/Src/main.c" -mcpu=cortex-m4 -std=gnu11 -g3 -DDEBUG -DUSE_HAL_DRIVER -DSTM32F411xE -c -I../Core/Inc -I../Drivers/STM32F4xx_HAL_Driver/Inc -I../Drivers/STM32F4xx_HAL_Driver/Inc/Legacy -I../Drivers/CMSIS/Device/ST/STM32F4xx/Include -I../Drivers/CMSIS/Include -O0 -ffunction-sections -fdata-sections -Wall -fstack-usage -MMD -MP -MF"Core/Src/main.d" -MT"Core/Src/main.o" --specs=nano.specs -mfpu=fpv4-sp-d16 -mfloat-abi=hard -mthumb -o "Core/Src/main.o"
arm-none-eabi-gcc "../Core/Src/nrf2401.c" -mcpu=cortex-m4 -std=gnu11 -g3 -DDEBUG -DUSE_HAL_DRIVER -DSTM32F411xE -c -I../Core/Inc -I../Drivers/STM32F4xx_HAL_Driver/Inc -I../Drivers/STM32F4xx_HAL_Driver/Inc/Legacy -I../Drivers/CMSIS/Device/ST/STM32F4xx/Include -I../Drivers/CMSIS/Include -O0 -ffunction-sections -fdata-sections -Wall -fstack-usage -MMD -MP -MF"Core/Src/nrf2401.d" -MT"Core/Src/nrf2401.o" --specs=nano.specs -mfpu=fpv4-sp-d16 -mfloat-abi=hard -mthumb -o "Core/Src/nrf2401.o"
arm-none-eabi-gcc "../Core/Src/spi.c" -mcpu=cortex-m4 -std=gnu11 -g3 -DDEBUG -DUSE_HAL_DRIVER -DSTM32F411xE -c -I../Core/Inc -I../Drivers/STM32F4xx_HAL_Driver/Inc -I../Drivers/STM32F4xx_HAL_Driver/Inc/Legacy -I../Drivers/CMSIS/Device/ST/STM32F4xx/Include -I../Drivers/CMSIS/Include -O0 -ffunction-sections -fdata-sections -Wall -fstack-usage -MMD -MP -MF"Core/Src/spi.d" -MT"Core/Src/spi.o" --specs=nano.specs -mfpu=fpv4-sp-d16 -mfloat-abi=hard -mthumb -o "Core/Src/spi.o"
arm-none-eabi-gcc "../Core/Src/stm32f4xx_hal_msp.c" -mcpu=cortex-m4 -std=gnu11 -g3 -DDEBUG -DUSE_HAL_DRIVER -DSTM32F411xE -c -I../Core/Inc -I../Drivers/STM32F4xx_HAL_Driver/Inc -I../Drivers/STM32F4xx_HAL_Driver/Inc/Legacy -I../Drivers/CMSIS/Device/ST/STM32F4xx/Include -I../Drivers/CMSIS/Include -O0 -ffunction-sections -fdata-sections -Wall -fstack-usage -MMD -MP -MF"Core/Src/stm32f4xx_hal_msp.d" -MT"Core/Src/stm32f4xx_hal_msp.o" --specs=nano.specs -mfpu=fpv4-sp-d16 -mfloat-abi=hard -mthumb -o "Core/Src/stm32f4xx_hal_msp.o"
arm-none-eabi-gcc "../Core/Src/stm32f4xx_it.c" -mcpu=cortex-m4 -std=gnu11 -g3 -DDEBUG -DUSE_HAL_DRIVER -DSTM32F411xE -c -I../Core/Inc -I../Drivers/STM32F4xx_HAL_Driver/Inc -I../Drivers/STM32F4xx_HAL_Driver/Inc/Legacy -I../Drivers/CMSIS/Device/ST/STM32F4xx/Include -I../Drivers/CMSIS/Include -O0 -ffunction-sections -fdata-sections -Wall -fstack-usage -MMD -MP -MF"Core/Src/stm32f4xx_it.d" -MT"Core/Src/stm32f4xx_it.o" --specs=nano.specs -mfpu=fpv4-sp-d16 -mfloat-abi=hard -mthumb -o "Core/Src/stm32f4xx_it.o"
arm-none-eabi-gcc "../Core/Src/syscalls.c" -mcpu=cortex-m4 -std=gnu11 -g3 -DDEBUG -DUSE_HAL_DRIVER -DSTM32F411xE -c -I../Core/Inc -I../Drivers/STM32F4xx_HAL_Driver/Inc -I../Drivers/STM32F4xx_HAL_Driver/Inc/Legacy -I../Drivers/CMSIS/Device/ST/STM32F4xx/Include -I../Drivers/CMSIS/Include -O0 -ffunction-sections -fdata-sections -Wall -fstack-usage -MMD -MP -MF"Core/Src/syscalls.d" -MT"Core/Src/syscalls.o" --specs=nano.specs -mfpu=fpv4-sp-d16 -mfloat-abi=hard -mthumb -o "Core/Src/syscalls.o"
../Core/Src/nrf2401.c: In function 'NRF_RXPayload':
../Core/Src/nrf2401.c:187:2: error: too many arguments to function 'NRF_ReadRegister'
  187 |  NRF_ReadRegister(NRF24_CMD_R_RX_PAYLOAD, data);
      |  ^~~~~~~~~~~~~~~~
../Core/Src/nrf2401.c:50:9: note: declared here
   50 | uint8_t NRF_ReadRegister(uint8_t reg)
      |         ^~~~~~~~~~~~~~~~
../Core/Src/nrf2401.c: In function 'NRF_Config':
../Core/Src/nrf2401.c:206:2: warning: implicit declaration of function 'NRF_SetAddress'; did you mean 'NRF_SetAddressWidth'? [-Wimplicit-function-declaration]
  206 |  NRF_SetAddress();
      |  ^~~~~~~~~~~~~~
      |  NRF_SetAddressWidth
make: *** [Core/Src/subdir.mk:46: Core/Src/nrf2401.o] Error 1
make: *** Waiting for unfinished jobs....
"make -j12 all" terminated with exit code 2. Build might be incomplete.
19:02:46 **** Incremental Build of configuration Debug for project NRF2401_Transmitter ****
make -j12 all 
arm-none-eabi-gcc "../Core/Src/nrf2401.c" -mcpu=cortex-m4 -std=gnu11 -g3 -DDEBUG -DUSE_HAL_DRIVER -DSTM32F411xE -c -I../Core/Inc -I../Drivers/STM32F4xx_HAL_Driver/Inc -I../Drivers/STM32F4xx_HAL_Driver/Inc/Legacy -I../Drivers/CMSIS/Device/ST/STM32F4xx/Include -I../Drivers/CMSIS/Include -O0 -ffunction-sections -fdata-sections -Wall -fstack-usage -MMD -MP -MF"Core/Src/nrf2401.d" -MT"Core/Src/nrf2401.o" --specs=nano.specs -mfpu=fpv4-sp-d16 -mfloat-abi=hard -mthumb -o "Core/Src/nrf2401.o"
arm-none-eabi-gcc "../Core/Src/sysmem.c" -mcpu=cortex-m4 -std=gnu11 -g3 -DDEBUG -DUSE_HAL_DRIVER -DSTM32F411xE -c -I../Core/Inc -I../Drivers/STM32F4xx_HAL_Driver/Inc -I../Drivers/STM32F4xx_HAL_Driver/Inc/Legacy -I../Drivers/CMSIS/Device/ST/STM32F4xx/Include -I../Drivers/CMSIS/Include -O0 -ffunction-sections -fdata-sections -Wall -fstack-usage -MMD -MP -MF"Core/Src/sysmem.d" -MT"Core/Src/sysmem.o" --specs=nano.specs -mfpu=fpv4-sp-d16 -mfloat-abi=hard -mthumb -o "Core/Src/sysmem.o"
arm-none-eabi-gcc "../Core/Src/system_stm32f4xx.c" -mcpu=cortex-m4 -std=gnu11 -g3 -DDEBUG -DUSE_HAL_DRIVER -DSTM32F411xE -c -I../Core/Inc -I../Drivers/STM32F4xx_HAL_Driver/Inc -I../Drivers/STM32F4xx_HAL_Driver/Inc/Legacy -I../Drivers/CMSIS/Device/ST/STM32F4xx/Include -I../Drivers/CMSIS/Include -O0 -ffunction-sections -fdata-sections -Wall -fstack-usage -MMD -MP -MF"Core/Src/system_stm32f4xx.d" -MT"Core/Src/system_stm32f4xx.o" --specs=nano.specs -mfpu=fpv4-sp-d16 -mfloat-abi=hard -mthumb -o "Core/Src/system_stm32f4xx.o"
arm-none-eabi-gcc "../Core/Src/usart.c" -mcpu=cortex-m4 -std=gnu11 -g3 -DDEBUG -DUSE_HAL_DRIVER -DSTM32F411xE -c -I../Core/Inc -I../Drivers/STM32F4xx_HAL_Driver/Inc -I../Drivers/STM32F4xx_HAL_Driver/Inc/Legacy -I../Drivers/CMSIS/Device/ST/STM32F4xx/Include -I../Drivers/CMSIS/Include -O0 -ffunction-sections -fdata-sections -Wall -fstack-usage -MMD -MP -MF"Core/Src/usart.d" -MT"Core/Src/usart.o" --specs=nano.specs -mfpu=fpv4-sp-d16 -mfloat-abi=hard -mthumb -o "Core/Src/usart.o"
../Core/Src/nrf2401.c: In function 'NRF_Config':
../Core/Src/nrf2401.c:205:2: warning: implicit declaration of function 'NRF_SetAddress'; did you mean 'NRF_SetAddressWidth'? [-Wimplicit-function-declaration]
  205 |  NRF_SetAddress();
      |  ^~~~~~~~~~~~~~
      |  NRF_SetAddressWidth
arm-none-eabi-gcc -o "NRF2401_Transmitter.elf" @"objects.list"   -mcpu=cortex-m4 -T"C:\Users\stasz\Documents\NRF2401 RC Car\NRF2401_Transmitter\STM32F411RETX_FLASH.ld" --specs=nosys.specs -Wl,-Map="NRF2401_Transmitter.map" -Wl,--gc-sections -static --specs=nano.specs -mfpu=fpv4-sp-d16 -mfloat-abi=hard -mthumb -Wl,--start-group -lc -lm -Wl,--end-group
c:\st\stm32cubeide_1.9.0\stm32cubeide\plugins\com.st.stm32cube.ide.mcu.externaltools.gnu-tools-for-stm32.10.3-2021.10.win32_1.0.0.202111181127\tools\arm-none-eabi\bin\ld.exe: ./Core/Src/nrf2401.o: in function `NRF_Config':
C:/Users/stasz/Documents/NRF2401 RC Car/NRF2401_Transmitter/Debug/../Core/Src/nrf2401.c:205: undefined reference to `NRF_SetAddress'
collect2.exe: error: ld returned 1 exit status
make: *** [makefile:64: NRF2401_Transmitter.elf] Error 1
"make -j12 all" terminated with exit code 2. Build might be incomplete.
19:02:53 **** Incremental Build of configuration Debug for project NRF2401_Transmitter ****
make -j12 all 
arm-none-eabi-gcc "../Core/Src/nrf2401.c" -mcpu=cortex-m4 -std=gnu11 -g3 -DDEBUG -DUSE_HAL_DRIVER -DSTM32F411xE -c -I../Core/Inc -I../Drivers/STM32F4xx_HAL_Driver/Inc -I../Drivers/STM32F4xx_HAL_Driver/Inc/Legacy -I../Drivers/CMSIS/Device/ST/STM32F4xx/Include -I../Drivers/CMSIS/Include -O0 -ffunction-sections -fdata-sections -Wall -fstack-usage -MMD -MP -MF"Core/Src/nrf2401.d" -MT"Core/Src/nrf2401.o" --specs=nano.specs -mfpu=fpv4-sp-d16 -mfloat-abi=hard -mthumb -o "Core/Src/nrf2401.o"
arm-none-eabi-gcc -o "NRF2401_Transmitter.elf" @"objects.list"   -mcpu=cortex-m4 -T"C:\Users\stasz\Documents\NRF2401 RC Car\NRF2401_Transmitter\STM32F411RETX_FLASH.ld" --specs=nosys.specs -Wl,-Map="NRF2401_Transmitter.map" -Wl,--gc-sections -static --specs=nano.specs -mfpu=fpv4-sp-d16 -mfloat-abi=hard -mthumb -Wl,--start-group -lc -lm -Wl,--end-group
Finished building target: NRF2401_Transmitter.elf
 
arm-none-eabi-size   NRF2401_Transmitter.elf 
arm-none-eabi-objdump -h -S  NRF2401_Transmitter.elf  > "NRF2401_Transmitter.list"
   text	   data	    bss	    dec	    hex	filename
  12172	     20	   1740	  13932	   366c	NRF2401_Transmitter.elf
Finished building: default.size.stdout
 
Finished building: NRF2401_Transmitter.list
 
19:03:13 **** Incremental Build of configuration Debug for project NRF2401_Transmitter ****
make -j12 all 
arm-none-eabi-size   NRF2401_Transmitter.elf 
   text	   data	    bss	    dec	    hex	filename
  12172	     20	   1740	  13932	   366c	NRF2401_Transmitter.elf
Finished building: default.size.stdout
 
19:08:52 **** Incremental Build of configuration Debug for project NRF2401_Transmitter ****
make -j12 all 
arm-none-eabi-gcc "../Core/Src/nrf2401.c" -mcpu=cortex-m4 -std=gnu11 -g3 -DDEBUG -DUSE_HAL_DRIVER -DSTM32F411xE -c -I../Core/Inc -I../Drivers/STM32F4xx_HAL_Driver/Inc -I../Drivers/STM32F4xx_HAL_Driver/Inc/Legacy -I../Drivers/CMSIS/Device/ST/STM32F4xx/Include -I../Drivers/CMSIS/Include -O0 -ffunction-sections -fdata-sections -Wall -fstack-usage -MMD -MP -MF"Core/Src/nrf2401.d" -MT"Core/Src/nrf2401.o" --specs=nano.specs -mfpu=fpv4-sp-d16 -mfloat-abi=hard -mthumb -o "Core/Src/nrf2401.o"
arm-none-eabi-gcc -o "NRF2401_Transmitter.elf" @"objects.list"   -mcpu=cortex-m4 -T"C:\Users\stasz\Documents\NRF2401 RC Car\NRF2401_Transmitter\STM32F411RETX_FLASH.ld" --specs=nosys.specs -Wl,-Map="NRF2401_Transmitter.map" -Wl,--gc-sections -static --specs=nano.specs -mfpu=fpv4-sp-d16 -mfloat-abi=hard -mthumb -Wl,--start-group -lc -lm -Wl,--end-group
Finished building target: NRF2401_Transmitter.elf
 
arm-none-eabi-size   NRF2401_Transmitter.elf 
arm-none-eabi-objdump -h -S  NRF2401_Transmitter.elf  > "NRF2401_Transmitter.list"
   text	   data	    bss	    dec	    hex	filename
  12204	     20	   1740	  13964	   368c	NRF2401_Transmitter.elf
Finished building: default.size.stdout
 
Finished building: NRF2401_Transmitter.list
 
19:09:55 **** Incremental Build of configuration Debug for project NRF2401_Transmitter ****
make -j12 all 
arm-none-eabi-size   NRF2401_Transmitter.elf 
   text	   data	    bss	    dec	    hex	filename
  12204	     20	   1740	  13964	   368c	NRF2401_Transmitter.elf
Finished building: default.size.stdout
 
19:10:28 **** Incremental Build of configuration Debug for project NRF2401_Transmitter ****
make -j12 all 
arm-none-eabi-size   NRF2401_Transmitter.elf 
   text	   data	    bss	    dec	    hex	filename
  12204	     20	   1740	  13964	   368c	NRF2401_Transmitter.elf
Finished building: default.size.stdout
 
19:11:55 **** Incremental Build of configuration Debug for project NRF2401_Transmitter ****
make -j12 all 
arm-none-eabi-size   NRF2401_Transmitter.elf 
   text	   data	    bss	    dec	    hex	filename
  12204	     20	   1740	  13964	   368c	NRF2401_Transmitter.elf
Finished building: default.size.stdout
 
19:13:27 **** Incremental Build of configuration Debug for project NRF2401_Transmitter ****
make -j12 all 
arm-none-eabi-gcc "../Core/Src/nrf2401.c" -mcpu=cortex-m4 -std=gnu11 -g3 -DDEBUG -DUSE_HAL_DRIVER -DSTM32F411xE -c -I../Core/Inc -I../Drivers/STM32F4xx_HAL_Driver/Inc -I../Drivers/STM32F4xx_HAL_Driver/Inc/Legacy -I../Drivers/CMSIS/Device/ST/STM32F4xx/Include -I../Drivers/CMSIS/Include -O0 -ffunction-sections -fdata-sections -Wall -fstack-usage -MMD -MP -MF"Core/Src/nrf2401.d" -MT"Core/Src/nrf2401.o" --specs=nano.specs -mfpu=fpv4-sp-d16 -mfloat-abi=hard -mthumb -o "Core/Src/nrf2401.o"
arm-none-eabi-gcc -o "NRF2401_Transmitter.elf" @"objects.list"   -mcpu=cortex-m4 -T"C:\Users\stasz\Documents\NRF2401 RC Car\NRF2401_Transmitter\STM32F411RETX_FLASH.ld" --specs=nosys.specs -Wl,-Map="NRF2401_Transmitter.map" -Wl,--gc-sections -static --specs=nano.specs -mfpu=fpv4-sp-d16 -mfloat-abi=hard -mthumb -Wl,--start-group -lc -lm -Wl,--end-group
Finished building target: NRF2401_Transmitter.elf
 
arm-none-eabi-size   NRF2401_Transmitter.elf 
arm-none-eabi-objdump -h -S  NRF2401_Transmitter.elf  > "NRF2401_Transmitter.list"
   text	   data	    bss	    dec	    hex	filename
  12192	     20	   1740	  13952	   3680	NRF2401_Transmitter.elf
Finished building: default.size.stdout
 
Finished building: NRF2401_Transmitter.list
 
19:15:07 **** Incremental Build of configuration Debug for project NRF2401_Transmitter ****
make -j12 all 
arm-none-eabi-gcc "../Core/Src/nrf2401.c" -mcpu=cortex-m4 -std=gnu11 -g3 -DDEBUG -DUSE_HAL_DRIVER -DSTM32F411xE -c -I../Core/Inc -I../Drivers/STM32F4xx_HAL_Driver/Inc -I../Drivers/STM32F4xx_HAL_Driver/Inc/Legacy -I../Drivers/CMSIS/Device/ST/STM32F4xx/Include -I../Drivers/CMSIS/Include -O0 -ffunction-sections -fdata-sections -Wall -fstack-usage -MMD -MP -MF"Core/Src/nrf2401.d" -MT"Core/Src/nrf2401.o" --specs=nano.specs -mfpu=fpv4-sp-d16 -mfloat-abi=hard -mthumb -o "Core/Src/nrf2401.o"
arm-none-eabi-gcc -o "NRF2401_Transmitter.elf" @"objects.list"   -mcpu=cortex-m4 -T"C:\Users\stasz\Documents\NRF2401 RC Car\NRF2401_Transmitter\STM32F411RETX_FLASH.ld" --specs=nosys.specs -Wl,-Map="NRF2401_Transmitter.map" -Wl,--gc-sections -static --specs=nano.specs -mfpu=fpv4-sp-d16 -mfloat-abi=hard -mthumb -Wl,--start-group -lc -lm -Wl,--end-group
Finished building target: NRF2401_Transmitter.elf
 
arm-none-eabi-size   NRF2401_Transmitter.elf 
arm-none-eabi-objdump -h -S  NRF2401_Transmitter.elf  > "NRF2401_Transmitter.list"
   text	   data	    bss	    dec	    hex	filename
  12192	     20	   1740	  13952	   3680	NRF2401_Transmitter.elf
Finished building: default.size.stdout
 
Finished building: NRF2401_Transmitter.list
 
19:23:57 **** Incremental Build of configuration Debug for project NRF2401_Transmitter ****
make -j12 all 
arm-none-eabi-gcc "../Core/Src/main.c" -mcpu=cortex-m4 -std=gnu11 -g3 -DDEBUG -DUSE_HAL_DRIVER -DSTM32F411xE -c -I../Core/Inc -I../Drivers/STM32F4xx_HAL_Driver/Inc -I../Drivers/STM32F4xx_HAL_Driver/Inc/Legacy -I../Drivers/CMSIS/Device/ST/STM32F4xx/Include -I../Drivers/CMSIS/Include -O0 -ffunction-sections -fdata-sections -Wall -fstack-usage -MMD -MP -MF"Core/Src/main.d" -MT"Core/Src/main.o" --specs=nano.specs -mfpu=fpv4-sp-d16 -mfloat-abi=hard -mthumb -o "Core/Src/main.o"
arm-none-eabi-gcc "../Core/Src/nrf2401.c" -mcpu=cortex-m4 -std=gnu11 -g3 -DDEBUG -DUSE_HAL_DRIVER -DSTM32F411xE -c -I../Core/Inc -I../Drivers/STM32F4xx_HAL_Driver/Inc -I../Drivers/STM32F4xx_HAL_Driver/Inc/Legacy -I../Drivers/CMSIS/Device/ST/STM32F4xx/Include -I../Drivers/CMSIS/Include -O0 -ffunction-sections -fdata-sections -Wall -fstack-usage -MMD -MP -MF"Core/Src/nrf2401.d" -MT"Core/Src/nrf2401.o" --specs=nano.specs -mfpu=fpv4-sp-d16 -mfloat-abi=hard -mthumb -o "Core/Src/nrf2401.o"
../Core/Src/nrf2401.c: In function 'NRF_Config':
../Core/Src/nrf2401.c:196:12: error: 'hspi' undeclared (first use in this function)
  196 |  NRF_spi = hspi;
      |            ^~~~
../Core/Src/nrf2401.c:196:12: note: each undeclared identifier is reported only once for each function it appears in
make: *** [Core/Src/subdir.mk:46: Core/Src/nrf2401.o] Error 1
make: *** Waiting for unfinished jobs....
"make -j12 all" terminated with exit code 2. Build might be incomplete.
19:25:18 **** Incremental Build of configuration Debug for project NRF2401_Transmitter ****
make -j12 all 
arm-none-eabi-gcc "../Core/Src/nrf2401.c" -mcpu=cortex-m4 -std=gnu11 -g3 -DDEBUG -DUSE_HAL_DRIVER -DSTM32F411xE -c -I../Core/Inc -I../Drivers/STM32F4xx_HAL_Driver/Inc -I../Drivers/STM32F4xx_HAL_Driver/Inc/Legacy -I../Drivers/CMSIS/Device/ST/STM32F4xx/Include -I../Drivers/CMSIS/Include -O0 -ffunction-sections -fdata-sections -Wall -fstack-usage -MMD -MP -MF"Core/Src/nrf2401.d" -MT"Core/Src/nrf2401.o" --specs=nano.specs -mfpu=fpv4-sp-d16 -mfloat-abi=hard -mthumb -o "Core/Src/nrf2401.o"
arm-none-eabi-gcc -o "NRF2401_Transmitter.elf" @"objects.list"   -mcpu=cortex-m4 -T"C:\Users\stasz\Documents\NRF2401 RC Car\NRF2401_Transmitter\STM32F411RETX_FLASH.ld" --specs=nosys.specs -Wl,-Map="NRF2401_Transmitter.map" -Wl,--gc-sections -static --specs=nano.specs -mfpu=fpv4-sp-d16 -mfloat-abi=hard -mthumb -Wl,--start-group -lc -lm -Wl,--end-group
c:\st\stm32cubeide_1.9.0\stm32cubeide\plugins\com.st.stm32cube.ide.mcu.externaltools.gnu-tools-for-stm32.10.3-2021.10.win32_1.0.0.202111181127\tools\arm-none-eabi\bin\ld.exe: ./Core/Src/main.o: in function `main':
C:/Users/stasz/Documents/NRF2401 RC Car/NRF2401_Transmitter/Debug/../Core/Src/main.c:98: undefined reference to `NRF_process'
collect2.exe: error: ld returned 1 exit status
make: *** [makefile:64: NRF2401_Transmitter.elf] Error 1
"make -j12 all" terminated with exit code 2. Build might be incomplete.
19:34:35 **** Incremental Build of configuration Debug for project NRF2401_Transmitter ****
make -j12 all 
arm-none-eabi-gcc "../Core/Src/nrf2401.c" -mcpu=cortex-m4 -std=gnu11 -g3 -DDEBUG -DUSE_HAL_DRIVER -DSTM32F411xE -c -I../Core/Inc -I../Drivers/STM32F4xx_HAL_Driver/Inc -I../Drivers/STM32F4xx_HAL_Driver/Inc/Legacy -I../Drivers/CMSIS/Device/ST/STM32F4xx/Include -I../Drivers/CMSIS/Include -O0 -ffunction-sections -fdata-sections -Wall -fstack-usage -MMD -MP -MF"Core/Src/nrf2401.d" -MT"Core/Src/nrf2401.o" --specs=nano.specs -mfpu=fpv4-sp-d16 -mfloat-abi=hard -mthumb -o "Core/Src/nrf2401.o"
../Core/Src/nrf2401.c: In function 'NRF_CRC':
../Core/Src/nrf2401.c:138:2: warning: implicit declaration of function 'RF_WriteRegister'; did you mean 'NRF_WriteRegister'? [-Wimplicit-function-declaration]
  138 |  RF_WriteRegister(NRF24_CONFIG, reg_value);
      |  ^~~~~~~~~~~~~~~~
      |  NRF_WriteRegister
../Core/Src/nrf2401.c: At top level:
../Core/Src/nrf2401.c:142:1: warning: return type defaults to 'int' [-Wimplicit-int]
  142 | NRF_SetCRCLength(uint8_t crc_length)
      | ^~~~~~~~~~~~~~~~
../Core/Src/nrf2401.c: In function 'NRF_SetCRCLength':
../Core/Src/nrf2401.c:150:1: warning: control reaches end of non-void function [-Wreturn-type]
  150 | }
      | ^
arm-none-eabi-gcc -o "NRF2401_Transmitter.elf" @"objects.list"   -mcpu=cortex-m4 -T"C:\Users\stasz\Documents\NRF2401 RC Car\NRF2401_Transmitter\STM32F411RETX_FLASH.ld" --specs=nosys.specs -Wl,-Map="NRF2401_Transmitter.map" -Wl,--gc-sections -static --specs=nano.specs -mfpu=fpv4-sp-d16 -mfloat-abi=hard -mthumb -Wl,--start-group -lc -lm -Wl,--end-group
c:\st\stm32cubeide_1.9.0\stm32cubeide\plugins\com.st.stm32cube.ide.mcu.externaltools.gnu-tools-for-stm32.10.3-2021.10.win32_1.0.0.202111181127\tools\arm-none-eabi\bin\ld.exe: ./Core/Src/main.o: in function `main':
C:/Users/stasz/Documents/NRF2401 RC Car/NRF2401_Transmitter/Debug/../Core/Src/main.c:98: undefined reference to `NRF_process'
collect2.exe: error: ld returned 1 exit status
make: *** [makefile:64: NRF2401_Transmitter.elf] Error 1
"make -j12 all" terminated with exit code 2. Build might be incomplete.
19:34:45 **** Incremental Build of configuration Debug for project NRF2401_Transmitter ****
make -j12 all 
[...]
make: *** [Core/Src/subdir.mk:52: Core/Src/main.o] Error 1
make: *** Waiting for unfinished jobs....
../Core/Src/nrf2401.c: In function 'NRF_process':
../Core/Src/nrf2401.c:441:10: error: 'NRF_MAX_RETRANSMITS_FLAG' undeclared (first use in this function)
  441 |     case NRF_MAX_RETRANSMITS_FLAG:
      |          ^~~~~~~~~~~~~~~~~~~~~~~~
../Core/Src/nrf2401.c:441:10: note: each undeclared identifier is reported only once for each function it appears in
../Core/Src/nrf2401.c:444:10: error: 'NRF_TX_FIFO_FULL' undeclared (first use in this function); did you mean 'NRF24_FIFO_FULL'?
  444 |     case NRF_TX_FIFO_FULL:
      |          ^~~~~~~~~~~~~~~~
      |          NRF24_FIFO_FULL
make: *** [Core/Src/subdir.mk:52: Core/Src/nrf2401.o] Error 1
"make -j12 all" terminated with exit code 2. Build might be incomplete.
20:21:16 **** Incremental Build of configuration Debug for project NRF2401_Transmitter ****
make -j12 all 
arm-none-eabi-gcc "../Core/Src/main.c" -mcpu=cortex-m4 -std=gnu11 -g3 -DDEBUG -DUSE_HAL_DRIVER -DSTM32F411xE -c -I../Core/Inc -I../Drivers/STM32F4xx_HAL_Driver/Inc -I../Drivers/STM32F4xx_HAL_Driver/Inc/Legacy -I../Drivers/CMSIS/Device/ST/STM32F4xx/Include -I../Drivers/CMSIS/Include -O0 -ffunction-sections -fdata-sections -Wall -fstack-usage -MMD -MP -MF"Core/Src/main.d" -MT"Core/Src/main.o" --specs=nano.specs -mfpu=fpv4-sp-d16 -mfloat-abi=hard -mthumb -o "Core/Src/main.o"
arm-none-eabi-gcc "../Core/Src/nrf2401.c" -mcpu=cortex-m4 -std=gnu11 -g3 -DDEBUG -DUSE_HAL_DRIVER -DSTM32F411xE -c -I../Core/Inc -I../Drivers/STM32F4xx_HAL_Driver/Inc -I../Drivers/STM32F4xx_HAL_Driver/Inc/Legacy -I../Drivers/CMSIS/Device/ST/STM32F4xx/Include -I../Drivers/CMSIS/Include -O0 -ffunction-sections -fdata-sections -Wall -fstack-usage -MMD -MP -MF"Core/Src/nrf2401.d" -MT"Core/Src/nrf2401.o" --specs=nano.specs -mfpu=fpv4-sp-d16 -mfloat-abi=hard -mthumb -o "Core/Src/nrf2401.o"
arm-none-eabi-gcc -o "NRF2401_Transmitter.elf" @"objects.list"   -mcpu=cortex-m4 -T"C:\Users\stasz\Documents\NRF2401 RC Car\NRF2401_Transmitter\STM32F411RETX_FLASH.ld" --specs=nosys.specs -Wl,-Map="NRF2401_Transmitter.map" -Wl,--gc-sections -static --specs=nano.specs -mfpu=fpv4-sp-d16 -mfloat-abi=hard -mthumb -u _printf_float -Wl,--start-group -lc -lm -Wl,--end-group
Finished building target: NRF2401_Transmitter.elf
 
arm-none-eabi-size   NRF2401_Transmitter.elf 
arm-none-eabi-objdump -h -S  NRF2401_Transmitter.elf  > "NRF2401_Transmitter.list"
   text	   data	    bss	    dec	    hex	filename
  32616	    484	   1948	  35048	   88e8	NRF2401_Transmitter.elf
Finished building: default.size.stdout
 
Finished building: NRF2401_Transmitter.list
 
20:28:54 **** Incremental Build of configuration Debug for project NRF2401_Transmitter ****
make -j12 all 
arm-none-eabi-gcc "../Core/Src/main.c" -mcpu=cortex-m4 -std=gnu11 -g3 -DDEBUG -DUSE_HAL_DRIVER -DSTM32F411xE -c -I../Core/Inc -I../Drivers/STM32F4xx_HAL_Driver/Inc -I../Drivers/STM32F4xx_HAL_Driver/Inc/Legacy -I../Drivers/CMSIS/Device/ST/STM32F4xx/Include -I../Drivers/CMSIS/Include -O0 -ffunction-sections -fdata-sections -Wall -fstack-usage -MMD -MP -MF"Core/Src/main.d" -MT"Core/Src/main.o" --specs=nano.specs -mfpu=fpv4-sp-d16 -mfloat-abi=hard -mthumb -o "Core/Src/main.o"
arm-none-eabi-gcc "../Core/Src/nrf2401.c" -mcpu=cortex-m4 -std=gnu11 -g3 -DDEBUG -DUSE_HAL_DRIVER -DSTM32F411xE -c -I../Core/Inc -I../Drivers/STM32F4xx_HAL_Driver/Inc -I../Drivers/STM32F4xx_HAL_Driver/Inc/Legacy -I../Drivers/CMSIS/Device/ST/STM32F4xx/Include -I../Drivers/CMSIS/Include -O0 -ffunction-sections -fdata-sections -Wall -fstack-usage -MMD -MP -MF"Core/Src/nrf2401.d" -MT"Core/Src/nrf2401.o" --specs=nano.specs -mfpu=fpv4-sp-d16 -mfloat-abi=hard -mthumb -o "Core/Src/nrf2401.o"
arm-none-eabi-gcc -o "NRF2401_Transmitter.elf" @"objects.list"   -mcpu=cortex-m4 -T"C:\Users\stasz\Documents\NRF2401 RC Car\NRF2401_Transmitter\STM32F411RETX_FLASH.ld" --specs=nosys.specs -Wl,-Map="NRF2401_Transmitter.map" -Wl,--gc-sections -static --specs=nano.specs -mfpu=fpv4-sp-d16 -mfloat-abi=hard -mthumb -u _printf_float -Wl,--start-group -lc -lm -Wl,--end-group
Finished building target: NRF2401_Transmitter.elf
 
arm-none-eabi-size   NRF2401_Transmitter.elf 
arm-none-eabi-objdump -h -S  NRF2401_Transmitter.elf  > "NRF2401_Transmitter.list"
   text	   data	    bss	    dec	    hex	filename
  32672	    484	   1948	  35104	   8920	NRF2401_Transmitter.elf
Finished building: default.size.stdout
 
Finished building: NRF2401_Transmitter.list
 
20:29:58 **** Incremental Build of configuration Debug for project NRF2401_Transmitter ****
make -j12 all 
arm-none-eabi-gcc "../Core/Src/nrf2401.c" -mcpu=cortex-m4 -std=gnu11 -g3 -DDEBUG -DUSE_HAL_DRIVER -DSTM32F411xE -c -I../Core/Inc -I../Drivers/STM32F4xx_HAL_Driver/Inc -I../Drivers/STM32F4xx_HAL_Driver/Inc/Legacy -I../Drivers/CMSIS/Device/ST/STM32F4xx/Include -I../Drivers/CMSIS/Include -O0 -ffunction-sections -fdata-sections -Wall -fstack-usage -MMD -MP -MF"Core/Src/nrf2401.d" -MT"Core/Src/nrf2401.o" --specs=nano.specs -mfpu=fpv4-sp-d16 -mfloat-abi=hard -mthumb -o "Core/Src/nrf2401.o"
arm-none-eabi-gcc -o "NRF2401_Transmitter.elf" @"objects.list"   -mcpu=cortex-m4 -T"C:\Users\stasz\Documents\NRF2401 RC Car\NRF2401_Transmitter\STM32F411RETX_FLASH.ld" --specs=nosys.specs -Wl,-Map="NRF2401_Transmitter.map" -Wl,--gc-sections -static --specs=nano.specs -mfpu=fpv4-sp-d16 -mfloat-abi=hard -mthumb -u _printf_float -Wl,--start-group -lc -lm -Wl,--end-group
Finished building target: NRF2401_Transmitter.elf
 
arm-none-eabi-size   NRF2401_Transmitter.elf 
arm-none-eabi-objdump -h -S  NRF2401_Transmitter.elf  > "NRF2401_Transmitter.list"
   text	   data	    bss	    dec	    hex	filename
  32656	    484	   1948	  35088	   8910	NRF2401_Transmitter.elf
Finished building: default.size.stdout
 
Finished building: NRF2401_Transmitter.list
 
20:30:31 **** Incremental Build of configuration Debug for project NRF2401_Transmitter ****
make -j12 all 
arm-none-eabi-gcc "../Core/Src/nrf2401.c" -mcpu=cortex-m4 -std=gnu11 -g3 -DDEBUG -DUSE_HAL_DRIVER -DSTM32F411xE -c -I../Core/Inc -I../Drivers/STM32F4xx_HAL_Driver/Inc -I../Drivers/STM32F4xx_HAL_Driver/Inc/Legacy -I../Drivers/CMSIS/Device/ST/STM32F4xx/Include -I../Drivers/CMSIS/Include -O0 -ffunction-sections -fdata-sections -Wall -fstack-usage -MMD -MP -MF"Core/Src/nrf2401.d" -MT"Core/Src/nrf2401.o" --specs=nano.specs -mfpu=fpv4-sp-d16 -mfloat-abi=hard -mthumb -o "Core/Src/nrf2401.o"
arm-none-eabi-gcc -o "NRF2401_Transmitter.elf" @"objects.list"   -mcpu=cortex-m4 -T"C:\Users\stasz\Documents\NRF2401 RC Car\NRF2401_Transmitter\STM32F411RETX_FLASH.ld" --specs=nosys.specs -Wl,-Map="NRF2401_Transmitter.map" -Wl,--gc-sections -static --specs=nano.specs -mfpu=fpv4-sp-d16 -mfloat-abi=hard -mthumb -u _printf_float -Wl,--start-group -lc -lm -Wl,--end-group
Finished building target: NRF2401_Transmitter.elf
 
arm-none-eabi-size   NRF2401_Transmitter.elf 
arm-none-eabi-objdump -h -S  NRF2401_Transmitter.elf  > "NRF2401_Transmitter.list"
   text	   data	    bss	    dec	    hex	filename
  32656	    484	   1948	  35088	   8910	NRF2401_Transmitter.elf
Finished building: default.size.stdout
 
Finished building: NRF2401_Transmitter.list
 
20:30:36 **** Incremental Build of configuration Debug for project NRF2401_Transmitter ****
make -j12 all 
arm-none-eabi-size   NRF2401_Transmitter.elf 
   text	   data	    bss	    dec	    hex	filename
  32656	    484	   1948	  35088	   8910	NRF2401_Transmitter.elf
Finished building: default.size.stdout
 
20:31:17 **** Incremental Build of configuration Debug for project NRF2401_Transmitter ****
make -j12 all 
arm-none-eabi-gcc "../Core/Src/main.c" -mcpu=cortex-m4 -std=gnu11 -g3 -DDEBUG -DUSE_HAL_DRIVER -DSTM32F411xE -c -I../Core/Inc -I../Drivers/STM32F4xx_HAL_Driver/Inc -I../Drivers/STM32F4xx_HAL_Driver/Inc/Legacy -I../Drivers/CMSIS/Device/ST/STM32F4xx/Include -I../Drivers/CMSIS/Include -O0 -ffunction-sections -fdata-sections -Wall -fstack-usage -MMD -MP -MF"Core/Src/main.d" -MT"Core/Src/main.o" --specs=nano.specs -mfpu=fpv4-sp-d16 -mfloat-abi=hard -mthumb -o "Core/Src/main.o"
arm-none-eabi-gcc "../Core/Src/nrf2401.c" -mcpu=cortex-m4 -std=gnu11 -g3 -DDEBUG -DUSE_HAL_DRIVER -DSTM32F411xE -c -I../Core/Inc -I../Drivers/STM32F4xx_HAL_Driver/Inc -I../Drivers/STM32F4xx_HAL_Driver/Inc/Legacy -I../Drivers/CMSIS/Device/ST/STM32F4xx/Include -I../Drivers/CMSIS/Include -O0 -ffunction-sections -fdata-sections -Wall -fstack-usage -MMD -MP -MF"Core/Src/nrf2401.d" -MT"Core/Src/nrf2401.o" --specs=nano.specs -mfpu=fpv4-sp-d16 -mfloat-abi=hard -mthumb -o "Core/Src/nrf2401.o"
arm-none-eabi-gcc -o "NRF2401_Transmitter.elf" @"objects.list"   -mcpu=cortex-m4 -T"C:\Users\stasz\Documents\NRF2401 RC Car\NRF2401_Transmitter\STM32F411RETX_FLASH.ld" --specs=nosys.specs -Wl,-Map="NRF2401_Transmitter.map" -Wl,--gc-sections -static --specs=nano.specs -mfpu=fpv4-sp-d16 -mfloat-abi=hard -mthumb -u _printf_float -Wl,--start-group -lc -lm -Wl,--end-group
Finished building target: NRF2401_Transmitter.elf
 
arm-none-eabi-size   NRF2401_Transmitter.elf 
arm-none-eabi-objdump -h -S  NRF2401_Transmitter.elf  > "NRF2401_Transmitter.list"
   text	   data	    bss	    dec	    hex	filename
  32656	    484	   1948	  35088	   8910	NRF2401_Transmitter.elf
Finished building: default.size.stdout
 
Finished building: NRF2401_Transmitter.list
 
20:39:09 **** Incremental Build of configuration Debug for project NRF2401_Transmitter ****
make -j12 all 
arm-none-eabi-gcc "../Core/Src/main.c" -mcpu=cortex-m4 -std=gnu11 -g3 -DDEBUG -DUSE_HAL_DRIVER -DSTM32F411xE -c -I../Core/Inc -I../Drivers/STM32F4xx_HAL_Driver/Inc -I../Drivers/STM32F4xx_HAL_Driver/Inc/Legacy -I../Drivers/CMSIS/Device/ST/STM32F4xx/Include -I../Drivers/CMSIS/Include -O0 -ffunction-sections -fdata-sections -Wall -fstack-usage -MMD -MP -MF"Core/Src/main.d" -MT"Core/Src/main.o" --specs=nano.specs -mfpu=fpv4-sp-d16 -mfloat-abi=hard -mthumb -o "Core/Src/main.o"
arm-none-eabi-gcc "../Core/Src/nrf2401.c" -mcpu=cortex-m4 -std=gnu11 -g3 -DDEBUG -DUSE_HAL_DRIVER -DSTM32F411xE -c -I../Core/Inc -I../Drivers/STM32F4xx_HAL_Driver/Inc -I../Drivers/STM32F4xx_HAL_Driver/Inc/Legacy -I../Drivers/CMSIS/Device/ST/STM32F4xx/Include -I../Drivers/CMSIS/Include -O0 -ffunction-sections -fdata-sections -Wall -fstack-usage -MMD -MP -MF"Core/Src/nrf2401.d" -MT"Core/Src/nrf2401.o" --specs=nano.specs -mfpu=fpv4-sp-d16 -mfloat-abi=hard -mthumb -o "Core/Src/nrf2401.o"
../Core/Src/nrf2401.c: In function 'NRF_process':
../Core/Src/nrf2401.c:348:29: warning: 'sprintf' writing a terminating nul past the end of the destination [-Wformat-overflow=]
  348 |    uint8_t message_length = sprintf((char *) tx_buffer, "%d", message);
      |                             ^~~~~~~~~~~~~~~~~~~~~~~~~~~~~~~~~~~~~~~~~~
../Core/Src/nrf2401.c:348:29: note: 'sprintf' output between 2 and 4 bytes into a destination of size 1
arm-none-eabi-gcc -o "NRF2401_Transmitter.elf" @"objects.list"   -mcpu=cortex-m4 -T"C:\Users\stasz\Documents\NRF2401 RC Car\NRF2401_Transmitter\STM32F411RETX_FLASH.ld" --specs=nosys.specs -Wl,-Map="NRF2401_Transmitter.map" -Wl,--gc-sections -static --specs=nano.specs -mfpu=fpv4-sp-d16 -mfloat-abi=hard -mthumb -u _printf_float -Wl,--start-group -lc -lm -Wl,--end-group
Finished building target: NRF2401_Transmitter.elf
 
arm-none-eabi-size   NRF2401_Transmitter.elf 
arm-none-eabi-objdump -h -S  NRF2401_Transmitter.elf  > "NRF2401_Transmitter.list"
   text	   data	    bss	    dec	    hex	filename
  32648	    484	   1852	  34984	   88a8	NRF2401_Transmitter.elf
Finished building: default.size.stdout
 
Finished building: NRF2401_Transmitter.list
 
20:39:47 **** Incremental Build of configuration Debug for project NRF2401_Transmitter ****
make -j12 all 
arm-none-eabi-gcc "../Core/Src/nrf2401.c" -mcpu=cortex-m4 -std=gnu11 -g3 -DDEBUG -DUSE_HAL_DRIVER -DSTM32F411xE -c -I../Core/Inc -I../Drivers/STM32F4xx_HAL_Driver/Inc -I../Drivers/STM32F4xx_HAL_Driver/Inc/Legacy -I../Drivers/CMSIS/Device/ST/STM32F4xx/Include -I../Drivers/CMSIS/Include -O0 -ffunction-sections -fdata-sections -Wall -fstack-usage -MMD -MP -MF"Core/Src/nrf2401.d" -MT"Core/Src/nrf2401.o" --specs=nano.specs -mfpu=fpv4-sp-d16 -mfloat-abi=hard -mthumb -o "Core/Src/nrf2401.o"
../Core/Src/nrf2401.c: In function 'NRF_process':
../Core/Src/nrf2401.c:348:29: warning: 'sprintf' writing a terminating nul past the end of the destination [-Wformat-overflow=]
  348 |    uint8_t message_length = sprintf((char *) tx_buffer, "%d", message);
      |                             ^~~~~~~~~~~~~~~~~~~~~~~~~~~~~~~~~~~~~~~~~~
../Core/Src/nrf2401.c:348:29: note: 'sprintf' output between 2 and 4 bytes into a destination of size 1
arm-none-eabi-gcc -o "NRF2401_Transmitter.elf" @"objects.list"   -mcpu=cortex-m4 -T"C:\Users\stasz\Documents\NRF2401 RC Car\NRF2401_Transmitter\STM32F411RETX_FLASH.ld" --specs=nosys.specs -Wl,-Map="NRF2401_Transmitter.map" -Wl,--gc-sections -static --specs=nano.specs -mfpu=fpv4-sp-d16 -mfloat-abi=hard -mthumb -u _printf_float -Wl,--start-group -lc -lm -Wl,--end-group
Finished building target: NRF2401_Transmitter.elf
 
arm-none-eabi-size   NRF2401_Transmitter.elf 
arm-none-eabi-objdump -h -S  NRF2401_Transmitter.elf  > "NRF2401_Transmitter.list"
   text	   data	    bss	    dec	    hex	filename
  32648	    484	   1852	  34984	   88a8	NRF2401_Transmitter.elf
Finished building: default.size.stdout
 
Finished building: NRF2401_Transmitter.list
 
20:41:15 **** Incremental Build of configuration Debug for project NRF2401_Transmitter ****
make -j12 all 
arm-none-eabi-gcc "../Core/Src/nrf2401.c" -mcpu=cortex-m4 -std=gnu11 -g3 -DDEBUG -DUSE_HAL_DRIVER -DSTM32F411xE -c -I../Core/Inc -I../Drivers/STM32F4xx_HAL_Driver/Inc -I../Drivers/STM32F4xx_HAL_Driver/Inc/Legacy -I../Drivers/CMSIS/Device/ST/STM32F4xx/Include -I../Drivers/CMSIS/Include -O0 -ffunction-sections -fdata-sections -Wall -fstack-usage -MMD -MP -MF"Core/Src/nrf2401.d" -MT"Core/Src/nrf2401.o" --specs=nano.specs -mfpu=fpv4-sp-d16 -mfloat-abi=hard -mthumb -o "Core/Src/nrf2401.o"
arm-none-eabi-gcc -o "NRF2401_Transmitter.elf" @"objects.list"   -mcpu=cortex-m4 -T"C:\Users\stasz\Documents\NRF2401 RC Car\NRF2401_Transmitter\STM32F411RETX_FLASH.ld" --specs=nosys.specs -Wl,-Map="NRF2401_Transmitter.map" -Wl,--gc-sections -static --specs=nano.specs -mfpu=fpv4-sp-d16 -mfloat-abi=hard -mthumb -u _printf_float -Wl,--start-group -lc -lm -Wl,--end-group
Finished building target: NRF2401_Transmitter.elf
 
arm-none-eabi-size   NRF2401_Transmitter.elf 
arm-none-eabi-objdump -h -S  NRF2401_Transmitter.elf  > "NRF2401_Transmitter.list"
   text	   data	    bss	    dec	    hex	filename
  32648	    484	   1852	  34984	   88a8	NRF2401_Transmitter.elf
Finished building: default.size.stdout
 
Finished building: NRF2401_Transmitter.list
 
20:44:03 **** Incremental Build of configuration Debug for project NRF2401_Transmitter ****
make -j12 all 
arm-none-eabi-gcc "../Core/Src/main.c" -mcpu=cortex-m4 -std=gnu11 -g3 -DDEBUG -DUSE_HAL_DRIVER -DSTM32F411xE -c -I../Core/Inc -I../Drivers/STM32F4xx_HAL_Driver/Inc -I../Drivers/STM32F4xx_HAL_Driver/Inc/Legacy -I../Drivers/CMSIS/Device/ST/STM32F4xx/Include -I../Drivers/CMSIS/Include -O0 -ffunction-sections -fdata-sections -Wall -fstack-usage -MMD -MP -MF"Core/Src/main.d" -MT"Core/Src/main.o" --specs=nano.specs -mfpu=fpv4-sp-d16 -mfloat-abi=hard -mthumb -o "Core/Src/main.o"
arm-none-eabi-gcc "../Core/Src/nrf2401.c" -mcpu=cortex-m4 -std=gnu11 -g3 -DDEBUG -DUSE_HAL_DRIVER -DSTM32F411xE -c -I../Core/Inc -I../Drivers/STM32F4xx_HAL_Driver/Inc -I../Drivers/STM32F4xx_HAL_Driver/Inc/Legacy -I../Drivers/CMSIS/Device/ST/STM32F4xx/Include -I../Drivers/CMSIS/Include -O0 -ffunction-sections -fdata-sections -Wall -fstack-usage -MMD -MP -MF"Core/Src/nrf2401.d" -MT"Core/Src/nrf2401.o" --specs=nano.specs -mfpu=fpv4-sp-d16 -mfloat-abi=hard -mthumb -o "Core/Src/nrf2401.o"
arm-none-eabi-gcc -o "NRF2401_Transmitter.elf" @"objects.list"   -mcpu=cortex-m4 -T"C:\Users\stasz\Documents\NRF2401 RC Car\NRF2401_Transmitter\STM32F411RETX_FLASH.ld" --specs=nosys.specs -Wl,-Map="NRF2401_Transmitter.map" -Wl,--gc-sections -static --specs=nano.specs -mfpu=fpv4-sp-d16 -mfloat-abi=hard -mthumb -u _printf_float -Wl,--start-group -lc -lm -Wl,--end-group
Finished building target: NRF2401_Transmitter.elf
 
arm-none-eabi-size   NRF2401_Transmitter.elf 
arm-none-eabi-objdump -h -S  NRF2401_Transmitter.elf  > "NRF2401_Transmitter.list"
   text	   data	    bss	    dec	    hex	filename
  32648	    484	   1852	  34984	   88a8	NRF2401_Transmitter.elf
Finished building: default.size.stdout
 
Finished building: NRF2401_Transmitter.list
 
20:46:39 **** Incremental Build of configuration Debug for project NRF2401_Transmitter ****
make -j12 all 
arm-none-eabi-gcc "../Core/Src/main.c" -mcpu=cortex-m4 -std=gnu11 -g3 -DDEBUG -DUSE_HAL_DRIVER -DSTM32F411xE -c -I../Core/Inc -I../Drivers/STM32F4xx_HAL_Driver/Inc -I../Drivers/STM32F4xx_HAL_Driver/Inc/Legacy -I../Drivers/CMSIS/Device/ST/STM32F4xx/Include -I../Drivers/CMSIS/Include -O0 -ffunction-sections -fdata-sections -Wall -fstack-usage -MMD -MP -MF"Core/Src/main.d" -MT"Core/Src/main.o" --specs=nano.specs -mfpu=fpv4-sp-d16 -mfloat-abi=hard -mthumb -o "Core/Src/main.o"
arm-none-eabi-gcc "../Core/Src/nrf2401.c" -mcpu=cortex-m4 -std=gnu11 -g3 -DDEBUG -DUSE_HAL_DRIVER -DSTM32F411xE -c -I../Core/Inc -I../Drivers/STM32F4xx_HAL_Driver/Inc -I../Drivers/STM32F4xx_HAL_Driver/Inc/Legacy -I../Drivers/CMSIS/Device/ST/STM32F4xx/Include -I../Drivers/CMSIS/Include -O0 -ffunction-sections -fdata-sections -Wall -fstack-usage -MMD -MP -MF"Core/Src/nrf2401.d" -MT"Core/Src/nrf2401.o" --specs=nano.specs -mfpu=fpv4-sp-d16 -mfloat-abi=hard -mthumb -o "Core/Src/nrf2401.o"
arm-none-eabi-gcc -o "NRF2401_Transmitter.elf" @"objects.list"   -mcpu=cortex-m4 -T"C:\Users\stasz\Documents\NRF2401 RC Car\NRF2401_Transmitter\STM32F411RETX_FLASH.ld" --specs=nosys.specs -Wl,-Map="NRF2401_Transmitter.map" -Wl,--gc-sections -static --specs=nano.specs -mfpu=fpv4-sp-d16 -mfloat-abi=hard -mthumb -u _printf_float -Wl,--start-group -lc -lm -Wl,--end-group
Finished building target: NRF2401_Transmitter.elf
 
arm-none-eabi-size   NRF2401_Transmitter.elf 
arm-none-eabi-objdump -h -S  NRF2401_Transmitter.elf  > "NRF2401_Transmitter.list"
   text	   data	    bss	    dec	    hex	filename
  32648	    484	   1852	  34984	   88a8	NRF2401_Transmitter.elf
Finished building: default.size.stdout
 
Finished building: NRF2401_Transmitter.list
 
20:48:56 **** Incremental Build of configuration Debug for project NRF2401_Transmitter ****
make -j12 all 
arm-none-eabi-size   NRF2401_Transmitter.elf 
   text	   data	    bss	    dec	    hex	filename
  32648	    484	   1852	  34984	   88a8	NRF2401_Transmitter.elf
Finished building: default.size.stdout
 
20:49:33 **** Incremental Build of configuration Debug for project NRF2401_Transmitter ****
make -j12 all 
arm-none-eabi-gcc "../Core/Src/main.c" -mcpu=cortex-m4 -std=gnu11 -g3 -DDEBUG -DUSE_HAL_DRIVER -DSTM32F411xE -c -I../Core/Inc -I../Drivers/STM32F4xx_HAL_Driver/Inc -I../Drivers/STM32F4xx_HAL_Driver/Inc/Legacy -I../Drivers/CMSIS/Device/ST/STM32F4xx/Include -I../Drivers/CMSIS/Include -O0 -ffunction-sections -fdata-sections -Wall -fstack-usage -MMD -MP -MF"Core/Src/main.d" -MT"Core/Src/main.o" --specs=nano.specs -mfpu=fpv4-sp-d16 -mfloat-abi=hard -mthumb -o "Core/Src/main.o"
arm-none-eabi-gcc -o "NRF2401_Transmitter.elf" @"objects.list"   -mcpu=cortex-m4 -T"C:\Users\stasz\Documents\NRF2401 RC Car\NRF2401_Transmitter\STM32F411RETX_FLASH.ld" --specs=nosys.specs -Wl,-Map="NRF2401_Transmitter.map" -Wl,--gc-sections -static --specs=nano.specs -mfpu=fpv4-sp-d16 -mfloat-abi=hard -mthumb -u _printf_float -Wl,--start-group -lc -lm -Wl,--end-group
Finished building target: NRF2401_Transmitter.elf
 
arm-none-eabi-size   NRF2401_Transmitter.elf 
arm-none-eabi-objdump -h -S  NRF2401_Transmitter.elf  > "NRF2401_Transmitter.list"
   text	   data	    bss	    dec	    hex	filename
  32640	    484	   1852	  34976	   88a0	NRF2401_Transmitter.elf
Finished building: default.size.stdout
 
Finished building: NRF2401_Transmitter.list
 
