20:49:33 **** Incremental Build of configuration Debug for project NRF2401_Transmitter ****
make -j12 all 
arm-none-eabi-gcc "../Core/Src/main.c" -mcpu=cortex-m4 -std=gnu11 -g3 -DDEBUG -DUSE_HAL_DRIVER -DSTM32F411xE -c -I../Core/Inc -I../Drivers/STM32F4xx_HAL_Driver/Inc -I../Drivers/STM32F4xx_HAL_Driver/Inc/Legacy -I../Drivers/CMSIS/Device/ST/STM32F4xx/Include -I../Drivers/CMSIS/Include -O0 -ffunction-sections -fdata-sections -Wall -fstack-usage -MMD -MP -MF"Core/Src/main.d" -MT"Core/Src/main.o" --specs=nano.specs -mfpu=fpv4-sp-d16 -mfloat-abi=hard -mthumb -o "Core/Src/main.o"
arm-none-eabi-gcc -o "NRF2401_Transmitter.elf" @"objects.list"   -mcpu=cortex-m4 -T"C:\Users\stasz\Documents\NRF2401 RC Car\NRF2401_Transmitter\STM32F411RETX_FLASH.ld" --specs=nosys.specs -Wl,-Map="NRF2401_Transmitter.map" -Wl,--gc-sections -static --specs=nano.specs -mfpu=fpv4-sp-d16 -mfloat-abi=hard -mthumb -u _printf_float -Wl,--start-group -lc -lm -Wl,--end-group
Finished building target: NRF2401_Transmitter.elf
 
arm-none-eabi-size   NRF2401_Transmitter.elf 
arm-none-eabi-objdump -h -S  NRF2401_Transmitter.elf  > "NRF2401_Transmitter.list"
   text	   data	    bss	    dec	    hex	filename
  32640	    484	   1852	  34976	   88a0	NRF2401_Transmitter.elf
Finished building: default.size.stdout
 
Finished building: NRF2401_Transmitter.list
 

20:49:34 Build Finished. 0 errors, 0 warnings. (took 451ms)

